[INFO] [launch]: All log files can be found below /root/.ros/log/2026-09-30-13-50-24-395966-5d2379f3a592-51
[INFO] [launch]: Default logging verbosity is set to INFO
[INFO] [xacro-1]: process started with pid [81]
[INFO] [parameter_bridge-2]: process started with pid [82]
[INFO] [create-3]: process started with pid [83]
[INFO] [gz-4]: process started with pid [84]
[INFO] [robot_state_publisher-5]: process started with pid [85]
[INFO] [map_server-6]: process started with pid [86]
[INFO] [amcl-7]: process started with pid [87]
[INFO] [controller_server-8]: process started with pid [88]
[INFO] [smoother_server-9]: process started with pid [89]
[INFO] [planner_server-10]: process started with pid [90]
[INFO] [route_server-11]: process started with pid [91]
[INFO] [behavior_server-12]: process started with pid [92]
[INFO] [bt_navigator-13]: process started with pid [93]
[INFO] [waypoint_follower-14]: process started with pid [94]
[INFO] [velocity_smoother-15]: process started with pid [95]
[INFO] [collision_monitor-16]: process started with pid [96]
[INFO] [opennav_docking-17]: process started with pid [97]
[INFO] [opennav_following-18]: process started with pid [98]
[INFO] [lifecycle_manager-19]: process started with pid [99]
[planner_server-10] [INFO] [1790776224.758331672] [planner_server]: 
[planner_server-10] 	planner_server lifecycle node launched. 
[planner_server-10] 	Waiting on external lifecycle transitions to activate
[planner_server-10] 	See https://design.ros2.org/articles/node_lifecycle.html for more information.
[waypoint_follower-14] [INFO] [1790776224.759066531] [waypoint_follower]: 
[waypoint_follower-14] 	waypoint_follower lifecycle node launched. 
[waypoint_follower-14] 	Waiting on external lifecycle transitions to activate
[waypoint_follower-14] 	See https://design.ros2.org/articles/node_lifecycle.html for more information.
[bt_navigator-13] [INFO] [1790776224.760561129] [bt_navigator]: 
[bt_navigator-13] 	bt_navigator lifecycle node launched. 
[bt_navigator-13] 	Waiting on external lifecycle transitions to activate
[bt_navigator-13] 	See https://design.ros2.org/articles/node_lifecycle.html for more information.
[route_server-11] [INFO] [1790776224.760684746] [route_server]: 
[route_server-11] 	route_server lifecycle node launched. 
[route_server-11] 	Waiting on external lifecycle transitions to activate
[route_server-11] 	See https://design.ros2.org/articles/node_lifecycle.html for more information.
[planner_server-10] [INFO] [1790776224.761220214] [planner_server]: Creating
[waypoint_follower-14] [INFO] [1790776224.761428219] [waypoint_follower]: Creating
[controller_server-8] [INFO] [1790776224.761767643] [controller_server]: 
[controller_server-8] 	controller_server lifecycle node launched. 
[controller_server-8] 	Waiting on external lifecycle transitions to activate
[controller_server-8] 	See https://design.ros2.org/articles/node_lifecycle.html for more information.
[bt_navigator-13] [INFO] [1790776224.762805211] [bt_navigator]: Creating
[behavior_server-12] [INFO] [1790776224.763269770] [behavior_server]: 
[behavior_server-12] 	behavior_server lifecycle node launched. 
[behavior_server-12] 	Waiting on external lifecycle transitions to activate
[behavior_server-12] 	See https://design.ros2.org/articles/node_lifecycle.html for more information.
[collision_monitor-16] [INFO] [1790776224.766153492] [collision_monitor]: 
[collision_monitor-16] 	collision_monitor lifecycle node launched. 
[collision_monitor-16] 	Waiting on external lifecycle transitions to activate
[collision_monitor-16] 	See https://design.ros2.org/articles/node_lifecycle.html for more information.
[smoother_server-9] [INFO] [1790776224.767331397] [smoother_server]: 
[smoother_server-9] 	smoother_server lifecycle node launched. 
[smoother_server-9] 	Waiting on external lifecycle transitions to activate
[smoother_server-9] 	See https://design.ros2.org/articles/node_lifecycle.html for more information.
[controller_server-8] [INFO] [1790776224.769709285] [controller_server]: Creating controller server
[smoother_server-9] [INFO] [1790776224.769925729] [smoother_server]: Creating smoother server
[robot_state_publisher-5] [INFO] [1790776224.770058864] [robot_state_publisher]: Robot initialized
[lifecycle_manager-19] [INFO] [1790776224.770164070] [lifecycle_manager_nav2]: Creating
[lifecycle_manager-19] [INFO] [1790776224.770405526] [lifecycle_manager_nav2]: [34m[1mCreating and initializing lifecycle publishers[0m[0m
[lifecycle_manager-19] [INFO] [1790776224.770842608] [lifecycle_manager_nav2]: [34m[1mCreating and initializing lifecycle service clients[0m[0m
[planner_server-10] [INFO] [1790776224.770909543] [global_costmap.global_costmap]: 
[planner_server-10] 	global_costmap lifecycle node launched. 
[planner_server-10] 	Waiting on external lifecycle transitions to activate
[planner_server-10] 	See https://design.ros2.org/articles/node_lifecycle.html for more information.
[planner_server-10] [INFO] [1790776224.771579955] [global_costmap.global_costmap]: Creating Costmap
[create-3] [INFO] [1790776224.771888805] [ros_gz_sim]: Requesting list of world names.
[velocity_smoother-15] [INFO] [1790776224.772937003] [velocity_smoother]: 
[velocity_smoother-15] 	velocity_smoother lifecycle node launched. 
[velocity_smoother-15] 	Waiting on external lifecycle transitions to activate
[velocity_smoother-15] 	See https://design.ros2.org/articles/node_lifecycle.html for more information.
[opennav_docking-17] [INFO] [1790776224.774585070] [docking_server]: 
[opennav_docking-17] 	docking_server lifecycle node launched. 
[opennav_docking-17] 	Waiting on external lifecycle transitions to activate
[opennav_docking-17] 	See https://design.ros2.org/articles/node_lifecycle.html for more information.
[opennav_docking-17] [INFO] [1790776224.774625605] [docking_server]: Creating docking_server
[amcl-7] [INFO] [1790776224.777834008] [amcl]: 
[amcl-7] 	amcl lifecycle node launched. 
[amcl-7] 	Waiting on external lifecycle transitions to activate
[amcl-7] 	See https://design.ros2.org/articles/node_lifecycle.html for more information.
[opennav_following-18] [INFO] [1790776224.777845214] [following_server]: 
[opennav_following-18] 	following_server lifecycle node launched. 
[opennav_following-18] 	Waiting on external lifecycle transitions to activate
[opennav_following-18] 	See https://design.ros2.org/articles/node_lifecycle.html for more information.
[opennav_following-18] [INFO] [1790776224.777888588] [following_server]: Creating following_server
[controller_server-8] [INFO] [1790776224.778550092] [local_costmap.local_costmap]: 
[controller_server-8] 	local_costmap lifecycle node launched. 
[controller_server-8] 	Waiting on external lifecycle transitions to activate
[controller_server-8] 	See https://design.ros2.org/articles/node_lifecycle.html for more information.
[amcl-7] [INFO] [1790776224.778756306] [amcl]: Creating
[controller_server-8] [INFO] [1790776224.778950763] [local_costmap.local_costmap]: Creating Costmap
[map_server-6] [INFO] [1790776224.781981635] [map_server]: 
[map_server-6] 	map_server lifecycle node launched. 
[map_server-6] 	Waiting on external lifecycle transitions to activate
[map_server-6] 	See https://design.ros2.org/articles/node_lifecycle.html for more information.
[map_server-6] [INFO] [1790776224.782018861] [map_server]: Creating
[INFO] [xacro-1]: process has finished cleanly [pid 81]
[lifecycle_manager-19] [INFO] [1790776225.092094957] [lifecycle_manager_nav2]: [34m[1mCreating and initializing lifecycle service servers[0m[0m
[lifecycle_manager-19] [INFO] [1790776225.095485318] [lifecycle_manager_nav2]: [34m[1mStarting managed nodes bringup...[0m[0m
[lifecycle_manager-19] [INFO] [1790776225.095696873] [lifecycle_manager_nav2]: [34m[1mConfiguring map_server[0m[0m
[map_server-6] [INFO] [1790776225.095947044] [map_server]: Configuring
[map_server-6] [INFO] [1790776225.096125906] [map_io]: Loading yaml file: /opt/overlay_ws/install/nav2_bringup/share/nav2_bringup/maps/tb3_sandbox.yaml
[map_server-6] [INFO] [1790776225.096314469] [map_io]: resolution: 0.05
[map_server-6] [INFO] [1790776225.096318792] [map_io]: origin[0]: -10
[map_server-6] [INFO] [1790776225.096320768] [map_io]: origin[1]: -10
[map_server-6] [INFO] [1790776225.096322617] [map_io]: origin[2]: 0
[map_server-6] [INFO] [1790776225.096324439] [map_io]: free_thresh: 0.196
[map_server-6] [INFO] [1790776225.096326262] [map_io]: occupied_thresh: 0.65
[map_server-6] [INFO] [1790776225.096328800] [map_io]: mode: trinary
[map_server-6] [INFO] [1790776225.096331193] [map_io]: negate: 0
[map_server-6] [INFO] [1790776225.096437029] [map_io]: Loading image_file: /opt/overlay_ws/install/nav2_bringup/share/nav2_bringup/maps/tb3_sandbox.pgm
[map_server-6] [INFO] [1790776225.097893480] [map_io]: Read map /opt/overlay_ws/install/nav2_bringup/share/nav2_bringup/maps/tb3_sandbox.pgm: 384 X 384 map @ 0.05 m/cell
[lifecycle_manager-19] [INFO] [1790776225.102692456] [lifecycle_manager_nav2]: [34m[1mConfiguring amcl[0m[0m
[amcl-7] [INFO] [1790776225.102831087] [amcl]: Configuring
[amcl-7] [INFO] [1790776225.105168291] [amcl]: initTransforms
[amcl-7] [INFO] [1790776225.108895289] [amcl]: initPubSub
[amcl-7] [INFO] [1790776225.114000179] [amcl]: Subscribed to map topic.
[lifecycle_manager-19] [INFO] [1790776225.115642264] [lifecycle_manager_nav2]: [34m[1mConfiguring controller_server[0m[0m
[controller_server-8] [INFO] [1790776225.115759225] [controller_server]: Configuring controller interface
[controller_server-8] [INFO] [1790776225.115775164] [local_costmap.local_costmap]: Configuring
[controller_server-8] [INFO] [1790776225.119706075] [local_costmap.local_costmap]: Using plugin "voxel_layer"
[controller_server-8] [INFO] [1790776225.122685961] [local_costmap.local_costmap]: Subscribed to Topics: scan
[controller_server-8] [INFO] [1790776225.128273784] [local_costmap.local_costmap]: Initialized plugin "voxel_layer"
[controller_server-8] [INFO] [1790776225.128287519] [local_costmap.local_costmap]: Using plugin "inflation_layer"
[controller_server-8] [INFO] [1790776225.128482638] [local_costmap.local_costmap]: Initialized plugin "inflation_layer"
[controller_server-8] [INFO] [1790776225.128485543] [local_costmap.local_costmap]: Using costmap filter "keepout_filter"
[controller_server-8] [INFO] [1790776225.130842353] [local_costmap.local_costmap]: Initialized costmap filter "keepout_filter"
[controller_server-8] [INFO] [1790776225.137690807] [controller_server]: Controller frequency set to 20.0000Hz
[controller_server-8] [INFO] [1790776225.137706145] [controller_server]: getting progress checker plugins..
[controller_server-8] [INFO] [1790776225.137760286] [controller_server]: getting goal checker plugins..
[controller_server-8] [INFO] [1790776225.137795111] [controller_server]: getting controller plugins..
[controller_server-8] [INFO] [1790776225.137850936] [controller_server]: getting path handler plugins..
[controller_server-8] [INFO] [1790776225.138289055] [controller_server]: Created progress_checker : progress_checker of type nav2_controller::SimpleProgressChecker
[controller_server-8] [INFO] [1790776225.138299492] [controller_server]: Controller Server has progress_checker  progress checkers available.
[controller_server-8] [INFO] [1790776225.138595921] [controller_server]: Created goal checker : general_goal_checker of type nav2_controller::SimpleGoalChecker
[controller_server-8] [INFO] [1790776225.138603494] [controller_server]: Controller Server has general_goal_checker  goal checkers available.
[controller_server-8] [INFO] [1790776225.138937750] [controller_server]: Created path handler : PathHandler of type nav2_controller::FeasiblePathHandler
[controller_server-8] [INFO] [1790776225.138942313] [controller_server]: Controller Server has PathHandler  path handlers available.
[controller_server-8] [INFO] [1790776225.139859009] [controller_server]: Created controller : FollowPath of type nav2_mppi_controller::MPPIController
[controller_server-8] [INFO] [1790776225.141316817] [controller_server]: Loaded motion model plugin: mppi::DiffDriveMotionModel
[controller_server-8] [INFO] [1790776225.141330317] [controller_server]: Controller period is equal to model dt. Control sequence shifting is ON
[controller_server-8] [INFO] [1790776225.142745907] [controller_server]: ConstraintCritic instantiated with 1 power and 4.000000 weight.
[controller_server-8] [INFO] [1790776225.142757720] [controller_server]: Critic loaded : mppi::critics::ConstraintCritic
[controller_server-8] [INFO] [1790776225.143027651] [controller_server]: InflationCostCritic instantiated with 1 power and 300.000000 / 0.015000 weights. Critic will collision check based on circular cost.
[controller_server-8] [INFO] [1790776225.143033982] [controller_server]: Critic loaded : mppi::critics::CostCritic
[controller_server-8] [INFO] [1790776225.143126046] [controller_server]: GoalCritic instantiated with 1 power and 5.000000 weight.
[controller_server-8] [INFO] [1790776225.143128375] [controller_server]: Critic loaded : mppi::critics::GoalCritic
[controller_server-8] [INFO] [1790776225.143262403] [controller_server]: GoalAngleCritic instantiated with 1 power, 3.000000 weight, 0.500000 angular threshold and symmetric_yaw_tolerance disabled
[controller_server-8] [INFO] [1790776225.143266119] [controller_server]: Critic loaded : mppi::critics::GoalAngleCritic
[controller_server-8] [INFO] [1790776225.143486334] [controller_server]: ReferenceTrajectoryCritic instantiated with 1 power and 14.000000 weight
[controller_server-8] [INFO] [1790776225.143494338] [controller_server]: Critic loaded : mppi::critics::PathAlignCritic
[controller_server-8] [INFO] [1790776225.143639903] [controller_server]: Critic loaded : mppi::critics::PathFollowCritic
[controller_server-8] [INFO] [1790776225.143826970] [controller_server]: PathAngleCritic instantiated with 1 power and 2.000000 weight. Mode set to: Forward Preference
[controller_server-8] [INFO] [1790776225.143831668] [controller_server]: Critic loaded : mppi::critics::PathAngleCritic
[controller_server-8] [INFO] [1790776225.143977710] [controller_server]: PreferForwardCritic instantiated with 1 power and 5.000000 weight.
[controller_server-8] [INFO] [1790776225.143980527] [controller_server]: Critic loaded : mppi::critics::PreferForwardCritic
[controller_server-8] [INFO] [1790776225.144826721] [controller_server]: Loaded trajectory validator plugin: mppi::DefaultOptimalTrajectoryValidator
[controller_server-8] [INFO] [1790776225.146462568] [controller_server]: Optimizer reset
[controller_server-8] [INFO] [1790776225.149063692] [MPPIController]: Configured MPPI Controller: FollowPath
[controller_server-8] [INFO] [1790776225.149077009] [controller_server]: Controller Server has FollowPath  controllers available.
[lifecycle_manager-19] [INFO] [1790776225.154091207] [lifecycle_manager_nav2]: [34m[1mConfiguring smoother_server[0m[0m
[smoother_server-9] [INFO] [1790776225.154269901] [smoother_server]: Configuring smoother server
[smoother_server-9] [INFO] [1790776225.162112801] [smoother_server]: Created smoother : simple_smoother of type nav2_smoother::SimpleSmoother
[smoother_server-9] [INFO] [1790776225.162370438] [smoother_server]: Created smoother : route_smoother of type nav2_smoother::SimpleSmoother
[smoother_server-9] [INFO] [1790776225.162519682] [smoother_server]: Smoother Server has simple_smoother route_smoother  smoothers available.
[lifecycle_manager-19] [INFO] [1790776225.164868722] [lifecycle_manager_nav2]: [34m[1mConfiguring planner_server[0m[0m
[planner_server-10] [INFO] [1790776225.164953514] [planner_server]: Configuring
[planner_server-10] [INFO] [1790776225.164970840] [global_costmap.global_costmap]: Configuring
[planner_server-10] [INFO] [1790776225.168642747] [global_costmap.global_costmap]: Using plugin "static_layer"
[planner_server-10] [INFO] [1790776225.171295944] [global_costmap.global_costmap]: Subscribing to the map topic (/map) with transient local durability
[planner_server-10] [INFO] [1790776225.172215965] [global_costmap.global_costmap]: Initialized plugin "static_layer"
[planner_server-10] [INFO] [1790776225.172224881] [global_costmap.global_costmap]: Using plugin "obstacle_layer"
[planner_server-10] [INFO] [1790776225.172432430] [global_costmap.global_costmap]: Subscribed to Topics: scan
[planner_server-10] [INFO] [1790776225.173907167] [global_costmap.global_costmap]: Initialized plugin "obstacle_layer"
[planner_server-10] [INFO] [1790776225.173915781] [global_costmap.global_costmap]: Using plugin "inflation_layer"
[planner_server-10] [INFO] [1790776225.174130843] [global_costmap.global_costmap]: Initialized plugin "inflation_layer"
[planner_server-10] [INFO] [1790776225.174134689] [global_costmap.global_costmap]: Using costmap filter "keepout_filter"
[planner_server-10] [INFO] [1790776225.176487483] [global_costmap.global_costmap]: Initialized costmap filter "keepout_filter"
[planner_server-10] [INFO] [1790776225.176499999] [global_costmap.global_costmap]: Using costmap filter "speed_filter"
[planner_server-10] [INFO] [1790776225.176878953] [global_costmap.global_costmap]: Initialized costmap filter "speed_filter"
[planner_server-10] [INFO] [1790776225.188324168] [planner_server]: Created global planner plugin GridBased of type nav2_navfn_planner::NavfnPlanner
[planner_server-10] [INFO] [1790776225.188344062] [planner_server]: Configuring plugin GridBased of type NavfnPlanner
[planner_server-10] [INFO] [1790776225.188545941] [planner_server]: Planner Server has GridBased  planners available.
[lifecycle_manager-19] [INFO] [1790776225.192433782] [lifecycle_manager_nav2]: [34m[1mConfiguring route_server[0m[0m
[route_server-11] [INFO] [1790776225.192589875] [route_server]: Configuring
[create-3] [INFO] [1790776225.194037645] [ros_gz_sim]: Entity creation successful.
[route_server-11] [INFO] [1790776225.205122178] [route_server]: Created GraphFileLoader GeoJsonGraphFileLoader of type nav2_route::GeoJsonGraphFileLoader
[route_server-11] [INFO] [1790776225.205136818] [route_server]: Configuring geojson graph file loader
[route_server-11] [INFO] [1790776225.205140231] [route_server]: Loading graph file from /opt/overlay_ws/install/nav2_bringup/share/nav2_bringup/graphs/turtlebot3_graph.geojson, by parser nav2_route::GeoJsonGraphFileLoader
[route_server-11] [INFO] [1790776225.206984778] [route_server]: Created edge cost function plugin DistanceScorer of type nav2_route::DistanceScorer
[route_server-11] [INFO] [1790776225.206996136] [route_server]: Configuring distance scorer.
[route_server-11] [INFO] [1790776225.207075228] [route_server]: Created edge cost function plugin CostmapScorer of type nav2_route::CostmapScorer
[route_server-11] [INFO] [1790776225.207078945] [route_server]: Configuring costmap scorer.
[route_server-11] [INFO] [1790776225.208569478] [route_server]: Created route operation AdjustSpeedLimit of type nav2_route::AdjustSpeedLimit
[route_server-11] [INFO] [1790776225.208578978] [route_server]: Configuring Adjust speed limit operation.
[route_server-11] [INFO] [1790776225.209035041] [route_server]: Created route operation ReroutingService of type nav2_route::ReroutingService
[route_server-11] [INFO] [1790776225.209043092] [route_server]: Configuring Rerouting service operation.
[route_server-11] [INFO] [1790776225.209561697] [route_server]: Created route operation CollisionMonitor of type nav2_route::CollisionMonitor
[route_server-11] [INFO] [1790776225.209594631] [route_server]: Using costmap topic: local_costmap/costmap_raw instead of server costmap topic: global_costmap/costmap_raw for CollisionMonitor.
[lifecycle_manager-19] [INFO] [1790776225.210873878] [lifecycle_manager_nav2]: [34m[1mConfiguring behavior_server[0m[0m
[behavior_server-12] [INFO] [1790776225.210959566] [behavior_server]: Configuring
[behavior_server-12] [INFO] [1790776225.213287588] [behavior_server]: Creating behavior plugin spin of type nav2_behaviors::Spin
[behavior_server-12] [INFO] [1790776225.214131638] [behavior_server]: Creating behavior plugin backup of type nav2_behaviors::BackUp
[behavior_server-12] [INFO] [1790776225.214888086] [behavior_server]: Creating behavior plugin drive_on_heading of type nav2_behaviors::DriveOnHeading
[behavior_server-12] [INFO] [1790776225.215578156] [behavior_server]: Creating behavior plugin assisted_teleop of type nav2_behaviors::AssistedTeleop
[behavior_server-12] [INFO] [1790776225.216979652] [behavior_server]: Creating behavior plugin wait of type nav2_behaviors::Wait
[behavior_server-12] [INFO] [1790776225.222123902] [behavior_server]: Configuring spin
[behavior_server-12] [INFO] [1790776225.224385987] [behavior_server]: Configuring backup
[behavior_server-12] [INFO] [1790776225.225934478] [behavior_server]: Configuring drive_on_heading
[behavior_server-12] [INFO] [1790776225.227500163] [behavior_server]: Configuring assisted_teleop
[behavior_server-12] [INFO] [1790776225.229675147] [behavior_server]: Configuring wait
[lifecycle_manager-19] [INFO] [1790776225.231699072] [lifecycle_manager_nav2]: [34m[1mConfiguring velocity_smoother[0m[0m
[velocity_smoother-15] [INFO] [1790776225.231809764] [velocity_smoother]: Configuring velocity smoother
[lifecycle_manager-19] [INFO] [1790776225.235109633] [lifecycle_manager_nav2]: [34m[1mConfiguring collision_monitor[0m[0m
[collision_monitor-16] [INFO] [1790776225.235237750] [collision_monitor]: Configuring
[collision_monitor-16] [INFO] [1790776225.238618489] [collision_monitor]: [scan]: Creating Scan
[collision_monitor-16] [INFO] [1790776225.243008806] [collision_monitor]: [FootprintApproach]: Creating Polygon
[collision_monitor-16] [INFO] [1790776225.243092449] [collision_monitor]: [FootprintApproach]: Polygon points are not defined. Using dynamic subscription instead.
[collision_monitor-16] [INFO] [1790776225.243561814] [collision_monitor]: [FootprintApproach]: Making footprint subscriber on local_costmap/published_footprint topic
[collision_monitor-16] [INFO] [1790776225.250568733] [collision_monitor]: Collision monitor is enabled at startup.
[lifecycle_manager-19] [INFO] [1790776225.250927360] [lifecycle_manager_nav2]: [34m[1mConfiguring bt_navigator[0m[0m
[bt_navigator-13] [INFO] [1790776225.251093073] [bt_navigator]: Configuring
[bt_navigator-13] [INFO] [1790776225.254816322] [bt_navigator]: Creating navigator id navigate_to_pose of type nav2_bt_navigator::NavigateToPoseNavigator
[bt_navigator-13] [INFO] [1790776225.257810190] [bt_navigator]: Error_code parameters were set to: assisted_teleop backup compute_path dock_robot drive_on_heading follow_object follow_path nav_thru_poses nav_to_pose route spin smoother undock_robot wait
[bt_navigator-13] [INFO] [1790776225.266627685] [bt_navigator_navigate_to_pose_rclcpp_node]: 
[bt_navigator-13] 	bt_navigator_navigate_to_pose_rclcpp_node lifecycle node launched. 
[bt_navigator-13] 	Waiting on external lifecycle transitions to activate
[bt_navigator-13] 	See https://design.ros2.org/articles/node_lifecycle.html for more information.
[INFO] [create-3]: process has finished cleanly [pid 83]
[bt_navigator-13] [INFO] [1790776225.309125943] [bt_navigator]: Creating navigator id navigate_through_poses of type nav2_bt_navigator::NavigateThroughPosesNavigator
[bt_navigator-13] [INFO] [1790776225.310515568] [bt_navigator]: Error_code parameters were set to: assisted_teleop backup compute_path dock_robot drive_on_heading follow_object follow_path nav_thru_poses nav_to_pose route spin smoother undock_robot wait
[bt_navigator-13] [INFO] [1790776225.315160178] [bt_navigator_navigate_through_poses_rclcpp_node]: 
[bt_navigator-13] 	bt_navigator_navigate_through_poses_rclcpp_node lifecycle node launched. 
[bt_navigator-13] 	Waiting on external lifecycle transitions to activate
[bt_navigator-13] 	See https://design.ros2.org/articles/node_lifecycle.html for more information.
[lifecycle_manager-19] [INFO] [1790776225.319160575] [lifecycle_manager_nav2]: [34m[1mConfiguring waypoint_follower[0m[0m
[waypoint_follower-14] [INFO] [1790776225.319257880] [waypoint_follower]: Configuring
[waypoint_follower-14] [INFO] [1790776225.327477155] [waypoint_follower]: Created waypoint_task_executor : wait_at_waypoint of type nav2_waypoint_follower::WaitAtWaypoint
[lifecycle_manager-19] [INFO] [1790776225.327738515] [lifecycle_manager_nav2]: [34m[1mConfiguring docking_server[0m[0m
[opennav_docking-17] [INFO] [1790776225.327866800] [docking_server]: Configuring docking_server
[opennav_docking-17] [INFO] [1790776225.328408059] [docking_server]: Controller frequency set to 50.0000Hz
[opennav_docking-17] [INFO] [1790776225.342523790] [docking_server]: Created charging dock plugin simple_charging_dock of type opennav_docking::SimpleChargingDock
[opennav_docking-17] [WARN] [1790776225.344558118] [docking_server]: Dock database filepath nor dock parameters set. Docking actions can only be executed specifying the dock pose via the action request. Or update the dock database via the reload_database service.
[opennav_docking-17] [INFO] [1790776225.344578247] [docking_server]: Docking Server has 1 dock types and 0 dock instances available.
[lifecycle_manager-19] [INFO] [1790776225.345166758] [lifecycle_manager_nav2]: [34m[1mConfiguring following_server[0m[0m
[opennav_following-18] [INFO] [1790776225.345315613] [following_server]: Configuring following_server
[opennav_following-18] [INFO] [1790776225.346117222] [following_server]: Controller frequency set to 50.0000Hz
[lifecycle_manager-19] [INFO] [1790776225.361073611] [lifecycle_manager_nav2]: [34m[1mActivating map_server[0m[0m
[map_server-6] [INFO] [1790776225.361146999] [map_server]: Activating
[map_server-6] [INFO] [1790776225.361444226] [map_server]: Creating bond (map_server) to lifecycle manager.
[planner_server-10] [INFO] [1790776225.361644926] [global_costmap.global_costmap]: StaticLayer: Resizing costmap to 384 X 384 at 0.050000 m/pix
[amcl-7] [INFO] [1790776225.361666230] [amcl]: Received a 384 X 384 map @ 0.050 m/pix
[planner_server-10] [WARN] [1790776225.361672358] [global_costmap.global_costmap]: StaticLayer: Costmap origin coordinates are not perfectly aligned with the resolution. This may cause misalignment aliasing between rolling and non-rolling costmaps.
[planner_server-10] Map origin: (-10, -10) | Resolution: 0
[lifecycle_manager-19] [INFO] [1790776225.614023680] [lifecycle_manager_nav2]: Server map_server connected with bond.
[lifecycle_manager-19] [INFO] [1790776225.614066681] [lifecycle_manager_nav2]: [34m[1mActivating amcl[0m[0m
[amcl-7] [INFO] [1790776225.614507553] [amcl]: Activating
[amcl-7] [INFO] [1790776225.614600000] [amcl]: Creating bond (amcl) to lifecycle manager.
[parameter_bridge-2] [INFO] [1790776225.782409215] [ros_gz_bridge]: Creating GZ->ROS Bridge: [/clock (gz.msgs.Clock) -> /clock (rosgraph_msgs/msg/Clock)] (Lazy 0)
[parameter_bridge-2] [INFO] [1790776225.785281241] [ros_gz_bridge]: Creating GZ->ROS Bridge: [/joint_states (gz.msgs.Model) -> joint_states (sensor_msgs/msg/JointState)] (Lazy 0)
[parameter_bridge-2] [INFO] [1790776225.791843170] [ros_gz_bridge]: Creating GZ->ROS Bridge: [/odom (gz.msgs.Odometry) -> odom (nav_msgs/msg/Odometry)] (Lazy 0)
[parameter_bridge-2] [INFO] [1790776225.796193802] [ros_gz_bridge]: Creating GZ->ROS Bridge: [/tf (gz.msgs.Pose_V) -> tf (tf2_msgs/msg/TFMessage)] (Lazy 0)
[parameter_bridge-2] [INFO] [1790776225.800098889] [ros_gz_bridge]: Creating GZ->ROS Bridge: [/imu (gz.msgs.IMU) -> imu (sensor_msgs/msg/Imu)] (Lazy 0)
[parameter_bridge-2] [INFO] [1790776225.801506623] [ros_gz_bridge]: Creating GZ->ROS Bridge: [/scan (gz.msgs.LaserScan) -> scan (sensor_msgs/msg/LaserScan)] (Lazy 0)
[parameter_bridge-2] [INFO] [1790776225.802945125] [ros_gz_bridge]: Creating ROS->GZ Bridge: [cmd_vel (geometry_msgs/msg/Twist) -> /cmd_vel (gz.msgs.Twist)] (Lazy 0)
[lifecycle_manager-19] [INFO] [1790776225.868074003] [lifecycle_manager_nav2]: Server amcl connected with bond.
[lifecycle_manager-19] [INFO] [1790776225.868102559] [lifecycle_manager_nav2]: [34m[1mActivating controller_server[0m[0m
[controller_server-8] [INFO] [1790776225.868307114] [controller_server]: Activating
[controller_server-8] [INFO] [1790776225.868329087] [local_costmap.local_costmap]: Activating
[controller_server-8] [INFO] [1790776225.868332884] [local_costmap.local_costmap]: Checking transform
[controller_server-8] [INFO] [1790776225.868358506] [local_costmap.local_costmap]: Timed out waiting for transform from base_link to odom to become available, tf error: Invalid frame ID "odom" passed to canTransform argument target_frame - frame does not exist
[controller_server-8] [INFO] [1790776226.368464075] [local_costmap.local_costmap]: Timed out waiting for transform from base_link to odom to become available, tf error: Invalid frame ID "odom" passed to canTransform argument target_frame - frame does not exist
[gz-4] [1;33mWarning [Utils.cc:132][0m [/sdf/model[@name="turtlebot3_waffle"]/link[@name="imu_link"]/sensor[@name="tb3_imu"]/gz_frame_id:<data-string>:L49]: XML Element[gz_frame_id], child of element[sensor], not defined in SDF. Copying[gz_frame_id] as children of [sensor].
[gz-4] [1;33mWarning [Utils.cc:132][0m [/sdf/model[@name="turtlebot3_waffle"]/link[@name="base_scan"]/sensor[@name="hls_lfcd_lds"]/gz_frame_id:<data-string>:L134]: XML Element[gz_frame_id], child of element[sensor], not defined in SDF. Copying[gz_frame_id] as children of [sensor].
[gz-4] [1;33mWarning [Utils.cc:132][0m [/sdf/model[@name="turtlebot3_waffle"]/link[@name="camera_link"]/sensor[@name="intel_realsense_r200_depth"]/gz_frame_id:<data-string>:L361]: XML Element[gz_frame_id], child of element[sensor], not defined in SDF. Copying[gz_frame_id] as children of [sensor].
[controller_server-8] [INFO] [1790776226.868434961] [local_costmap.local_costmap]: Timed out waiting for transform from base_link to odom to become available, tf error: Invalid frame ID "odom" passed to canTransform argument target_frame - frame does not exist
[gz-4] libEGL warning: pci id for fd 52: 10de:2684, driver (null)
[gz-4] 
[gz-4] pci id for fd 54: 10de:2684, driver (null)
[gz-4] pci id for fd 55: 10de:2684, driver (null)
[gz-4] libEGL warning: egl: failed to create dri2 screen
[gz-4] libEGL warning: pci id for fd 52: 10de:2684, driver (null)
[gz-4] 
[gz-4] pci id for fd 54: 10de:2684, driver (null)
[gz-4] pci id for fd 55: 10de:2684, driver (null)
[gz-4] libEGL warning: egl: failed to create dri2 screen
[gz-4] libEGL warning: pci id for fd 52: 10de:2684, driver (null)
[gz-4] 
[controller_server-8] [INFO] [1790776227.368410411] [local_costmap.local_costmap]: Timed out waiting for transform from base_link to odom to become available, tf error: Invalid frame ID "odom" passed to canTransform argument target_frame - frame does not exist
[amcl-7] [INFO] [1790776227.628092437] [amcl]: createLaserObject
[controller_server-8] [INFO] [1790776227.868580975] [local_costmap.local_costmap]: start
[controller_server-8] [INFO] [1790776227.870043748] [local_costmap.local_costmap]: KeepoutFilter: Subscribing to "/keepout_costmap_filter_info" topic for filter info...
[controller_server-8] [INFO] [1790776228.073294616] [MPPIController]: Activated MPPI Controller: FollowPath
[controller_server-8] [INFO] [1790776228.076061246] [controller_server]: Creating bond (controller_server) to lifecycle manager.
[lifecycle_manager-19] [INFO] [1790776228.334255364] [lifecycle_manager_nav2]: Server controller_server connected with bond.
[lifecycle_manager-19] [INFO] [1790776228.334335938] [lifecycle_manager_nav2]: [34m[1mActivating smoother_server[0m[0m
[smoother_server-9] [INFO] [1790776228.334961510] [smoother_server]: Activating
[smoother_server-9] [INFO] [1790776228.335030556] [smoother_server]: Creating bond (smoother_server) to lifecycle manager.
[lifecycle_manager-19] [INFO] [1790776228.593630889] [lifecycle_manager_nav2]: Server smoother_server connected with bond.
[lifecycle_manager-19] [INFO] [1790776228.593689299] [lifecycle_manager_nav2]: [34m[1mActivating planner_server[0m[0m
[planner_server-10] [INFO] [1790776228.594106549] [planner_server]: Activating
[planner_server-10] [INFO] [1790776228.594203024] [global_costmap.global_costmap]: Activating
[planner_server-10] [INFO] [1790776228.594225572] [global_costmap.global_costmap]: Checking transform
[planner_server-10] [INFO] [1790776228.594308693] [global_costmap.global_costmap]: Timed out waiting for transform from base_link to map to become available, tf error: Invalid frame ID "map" passed to canTransform argument target_frame - frame does not exist
[planner_server-10] [INFO] [1790776229.094360093] [global_costmap.global_costmap]: Timed out waiting for transform from base_link to map to become available, tf error: Invalid frame ID "map" passed to canTransform argument target_frame - frame does not exist
[amcl-7] [WARN] [1790776229.427777264] [amcl]: AMCL cannot publish a pose or update the transform. Please set the initial pose...
[planner_server-10] [INFO] [1790776229.594358451] [global_costmap.global_costmap]: Timed out waiting for transform from base_link to map to become available, tf error: Invalid frame ID "map" passed to canTransform argument target_frame - frame does not exist
[planner_server-10] [INFO] [1790776230.094355663] [global_costmap.global_costmap]: Timed out waiting for transform from base_link to map to become available, tf error: Invalid frame ID "map" passed to canTransform argument target_frame - frame does not exist
[planner_server-10] [INFO] [1790776230.594352662] [global_costmap.global_costmap]: Timed out waiting for transform from base_link to map to become available, tf error: Invalid frame ID "map" passed to canTransform argument target_frame - frame does not exist
[planner_server-10] [INFO] [1790776231.094334464] [global_costmap.global_costmap]: Timed out waiting for transform from base_link to map to become available, tf error: Invalid frame ID "map" passed to canTransform argument target_frame - frame does not exist
[amcl-7] [WARN] [1790776231.443864672] [amcl]: AMCL cannot publish a pose or update the transform. Please set the initial pose...
[planner_server-10] [INFO] [1790776231.594345968] [global_costmap.global_costmap]: Timed out waiting for transform from base_link to map to become available, tf error: Invalid frame ID "map" passed to canTransform argument target_frame - frame does not exist
[planner_server-10] [INFO] [1790776232.094326203] [global_costmap.global_costmap]: Timed out waiting for transform from base_link to map to become available, tf error: Invalid frame ID "map" passed to canTransform argument target_frame - frame does not exist
[planner_server-10] [INFO] [1790776232.594341535] [global_costmap.global_costmap]: Timed out waiting for transform from base_link to map to become available, tf error: Invalid frame ID "map" passed to canTransform argument target_frame - frame does not exist
[planner_server-10] [INFO] [1790776233.094331746] [global_costmap.global_costmap]: Timed out waiting for transform from base_link to map to become available, tf error: Invalid frame ID "map" passed to canTransform argument target_frame - frame does not exist
[planner_server-10] [INFO] [1790776233.594439395] [global_costmap.global_costmap]: Timed out waiting for transform from base_link to map to become available, tf error: Invalid frame ID "map" passed to canTransform argument target_frame - frame does not exist
[amcl-7] [WARN] [1790776233.639983840] [amcl]: AMCL cannot publish a pose or update the transform. Please set the initial pose...
[planner_server-10] [INFO] [1790776234.094333927] [global_costmap.global_costmap]: Timed out waiting for transform from base_link to map to become available, tf error: Invalid frame ID "map" passed to canTransform argument target_frame - frame does not exist
[planner_server-10] [INFO] [1790776234.594344489] [global_costmap.global_costmap]: Timed out waiting for transform from base_link to map to become available, tf error: Invalid frame ID "map" passed to canTransform argument target_frame - frame does not exist
[planner_server-10] [INFO] [1790776235.094351107] [global_costmap.global_costmap]: Timed out waiting for transform from base_link to map to become available, tf error: Invalid frame ID "map" passed to canTransform argument target_frame - frame does not exist
[planner_server-10] [INFO] [1790776235.594362678] [global_costmap.global_costmap]: Timed out waiting for transform from base_link to map to become available, tf error: Invalid frame ID "map" passed to canTransform argument target_frame - frame does not exist
[amcl-7] [WARN] [1790776235.836250362] [amcl]: AMCL cannot publish a pose or update the transform. Please set the initial pose...
[planner_server-10] [INFO] [1790776236.094334038] [global_costmap.global_costmap]: Timed out waiting for transform from base_link to map to become available, tf error: Invalid frame ID "map" passed to canTransform argument target_frame - frame does not exist
[planner_server-10] [INFO] [1790776236.594356169] [global_costmap.global_costmap]: Timed out waiting for transform from base_link to map to become available, tf error: Invalid frame ID "map" passed to canTransform argument target_frame - frame does not exist
[planner_server-10] [INFO] [1790776237.094332860] [global_costmap.global_costmap]: Timed out waiting for transform from base_link to map to become available, tf error: Invalid frame ID "map" passed to canTransform argument target_frame - frame does not exist
[planner_server-10] [INFO] [1790776237.594328589] [global_costmap.global_costmap]: Timed out waiting for transform from base_link to map to become available, tf error: Invalid frame ID "map" passed to canTransform argument target_frame - frame does not exist
[amcl-7] [WARN] [1790776238.032505624] [amcl]: AMCL cannot publish a pose or update the transform. Please set the initial pose...
[planner_server-10] [INFO] [1790776238.094328935] [global_costmap.global_costmap]: Timed out waiting for transform from base_link to map to become available, tf error: Invalid frame ID "map" passed to canTransform argument target_frame - frame does not exist
[planner_server-10] [INFO] [1790776238.594324195] [global_costmap.global_costmap]: Timed out waiting for transform from base_link to map to become available, tf error: Invalid frame ID "map" passed to canTransform argument target_frame - frame does not exist
[planner_server-10] [INFO] [1790776239.094348780] [global_costmap.global_costmap]: Timed out waiting for transform from base_link to map to become available, tf error: Invalid frame ID "map" passed to canTransform argument target_frame - frame does not exist
[planner_server-10] [INFO] [1790776239.594348197] [global_costmap.global_costmap]: Timed out waiting for transform from base_link to map to become available, tf error: Invalid frame ID "map" passed to canTransform argument target_frame - frame does not exist
[planner_server-10] [INFO] [1790776240.094351499] [global_costmap.global_costmap]: Timed out waiting for transform from base_link to map to become available, tf error: Invalid frame ID "map" passed to canTransform argument target_frame - frame does not exist
[amcl-7] [WARN] [1790776240.228202319] [amcl]: AMCL cannot publish a pose or update the transform. Please set the initial pose...
[planner_server-10] [INFO] [1790776240.594324450] [global_costmap.global_costmap]: Timed out waiting for transform from base_link to map to become available, tf error: Invalid frame ID "map" passed to canTransform argument target_frame - frame does not exist
[planner_server-10] [INFO] [1790776241.094334263] [global_costmap.global_costmap]: Timed out waiting for transform from base_link to map to become available, tf error: Invalid frame ID "map" passed to canTransform argument target_frame - frame does not exist
[planner_server-10] [INFO] [1790776241.594331722] [global_costmap.global_costmap]: Timed out waiting for transform from base_link to map to become available, tf error: Invalid frame ID "map" passed to canTransform argument target_frame - frame does not exist
[planner_server-10] [INFO] [1790776242.094326243] [global_costmap.global_costmap]: Timed out waiting for transform from base_link to map to become available, tf error: Invalid frame ID "map" passed to canTransform argument target_frame - frame does not exist
[amcl-7] [WARN] [1790776242.244405854] [amcl]: AMCL cannot publish a pose or update the transform. Please set the initial pose...
[planner_server-10] [INFO] [1790776242.594338273] [global_costmap.global_costmap]: Timed out waiting for transform from base_link to map to become available, tf error: Invalid frame ID "map" passed to canTransform argument target_frame - frame does not exist
[planner_server-10] [INFO] [1790776243.094349057] [global_costmap.global_costmap]: Timed out waiting for transform from base_link to map to become available, tf error: Invalid frame ID "map" passed to canTransform argument target_frame - frame does not exist
[planner_server-10] [INFO] [1790776243.594351537] [global_costmap.global_costmap]: Timed out waiting for transform from base_link to map to become available, tf error: Invalid frame ID "map" passed to canTransform argument target_frame - frame does not exist
[planner_server-10] [INFO] [1790776244.094352692] [global_costmap.global_costmap]: Timed out waiting for transform from base_link to map to become available, tf error: Invalid frame ID "map" passed to canTransform argument target_frame - frame does not exist
[amcl-7] [WARN] [1790776244.440450467] [amcl]: AMCL cannot publish a pose or update the transform. Please set the initial pose...
[planner_server-10] [INFO] [1790776244.594340958] [global_costmap.global_costmap]: Timed out waiting for transform from base_link to map to become available, tf error: Invalid frame ID "map" passed to canTransform argument target_frame - frame does not exist
[planner_server-10] [INFO] [1790776245.094338277] [global_costmap.global_costmap]: Timed out waiting for transform from base_link to map to become available, tf error: Invalid frame ID "map" passed to canTransform argument target_frame - frame does not exist
[planner_server-10] [INFO] [1790776245.594346198] [global_costmap.global_costmap]: Timed out waiting for transform from base_link to map to become available, tf error: Invalid frame ID "map" passed to canTransform argument target_frame - frame does not exist
[planner_server-10] [INFO] [1790776246.094326354] [global_costmap.global_costmap]: Timed out waiting for transform from base_link to map to become available, tf error: Invalid frame ID "map" passed to canTransform argument target_frame - frame does not exist
[planner_server-10] [INFO] [1790776246.594328310] [global_costmap.global_costmap]: Timed out waiting for transform from base_link to map to become available, tf error: Invalid frame ID "map" passed to canTransform argument target_frame - frame does not exist
[amcl-7] [WARN] [1790776246.635837470] [amcl]: AMCL cannot publish a pose or update the transform. Please set the initial pose...
[planner_server-10] [INFO] [1790776247.094334482] [global_costmap.global_costmap]: Timed out waiting for transform from base_link to map to become available, tf error: Invalid frame ID "map" passed to canTransform argument target_frame - frame does not exist
[planner_server-10] [INFO] [1790776247.594347574] [global_costmap.global_costmap]: Timed out waiting for transform from base_link to map to become available, tf error: Invalid frame ID "map" passed to canTransform argument target_frame - frame does not exist
[planner_server-10] [INFO] [1790776248.094329589] [global_costmap.global_costmap]: Timed out waiting for transform from base_link to map to become available, tf error: Invalid frame ID "map" passed to canTransform argument target_frame - frame does not exist
[planner_server-10] [INFO] [1790776248.594335088] [global_costmap.global_costmap]: Timed out waiting for transform from base_link to map to become available, tf error: Invalid frame ID "map" passed to canTransform argument target_frame - frame does not exist
[amcl-7] [WARN] [1790776248.831598315] [amcl]: AMCL cannot publish a pose or update the transform. Please set the initial pose...
[planner_server-10] [INFO] [1790776249.094350908] [global_costmap.global_costmap]: Timed out waiting for transform from base_link to map to become available, tf error: Invalid frame ID "map" passed to canTransform argument target_frame - frame does not exist
[planner_server-10] [INFO] [1790776249.594352942] [global_costmap.global_costmap]: Timed out waiting for transform from base_link to map to become available, tf error: Invalid frame ID "map" passed to canTransform argument target_frame - frame does not exist
[planner_server-10] [INFO] [1790776250.094363043] [global_costmap.global_costmap]: Timed out waiting for transform from base_link to map to become available, tf error: Invalid frame ID "map" passed to canTransform argument target_frame - frame does not exist
[planner_server-10] [INFO] [1790776250.594331624] [global_costmap.global_costmap]: Timed out waiting for transform from base_link to map to become available, tf error: Invalid frame ID "map" passed to canTransform argument target_frame - frame does not exist
[amcl-7] [WARN] [1790776251.028957698] [amcl]: AMCL cannot publish a pose or update the transform. Please set the initial pose...
[planner_server-10] [INFO] [1790776251.094341792] [global_costmap.global_costmap]: Timed out waiting for transform from base_link to map to become available, tf error: Invalid frame ID "map" passed to canTransform argument target_frame - frame does not exist
[planner_server-10] [INFO] [1790776251.594324284] [global_costmap.global_costmap]: Timed out waiting for transform from base_link to map to become available, tf error: Invalid frame ID "map" passed to canTransform argument target_frame - frame does not exist
[planner_server-10] [INFO] [1790776252.094325559] [global_costmap.global_costmap]: Timed out waiting for transform from base_link to map to become available, tf error: Invalid frame ID "map" passed to canTransform argument target_frame - frame does not exist
[planner_server-10] [INFO] [1790776252.594340702] [global_costmap.global_costmap]: Timed out waiting for transform from base_link to map to become available, tf error: Invalid frame ID "map" passed to canTransform argument target_frame - frame does not exist
[amcl-7] [WARN] [1790776253.043682363] [amcl]: AMCL cannot publish a pose or update the transform. Please set the initial pose...
[planner_server-10] [INFO] [1790776253.094348549] [global_costmap.global_costmap]: Timed out waiting for transform from base_link to map to become available, tf error: Invalid frame ID "map" passed to canTransform argument target_frame - frame does not exist
[planner_server-10] [INFO] [1790776253.594327386] [global_costmap.global_costmap]: Timed out waiting for transform from base_link to map to become available, tf error: Invalid frame ID "map" passed to canTransform argument target_frame - frame does not exist
[planner_server-10] [INFO] [1790776254.094324625] [global_costmap.global_costmap]: Timed out waiting for transform from base_link to map to become available, tf error: Invalid frame ID "map" passed to canTransform argument target_frame - frame does not exist
[planner_server-10] [INFO] [1790776254.594332682] [global_costmap.global_costmap]: Timed out waiting for transform from base_link to map to become available, tf error: Invalid frame ID "map" passed to canTransform argument target_frame - frame does not exist
[planner_server-10] [INFO] [1790776255.094332580] [global_costmap.global_costmap]: Timed out waiting for transform from base_link to map to become available, tf error: Invalid frame ID "map" passed to canTransform argument target_frame - frame does not exist
[amcl-7] [WARN] [1790776255.239786302] [amcl]: AMCL cannot publish a pose or update the transform. Please set the initial pose...
[planner_server-10] [INFO] [1790776255.594353030] [global_costmap.global_costmap]: Timed out waiting for transform from base_link to map to become available, tf error: Invalid frame ID "map" passed to canTransform argument target_frame - frame does not exist
[planner_server-10] [INFO] [1790776256.094358984] [global_costmap.global_costmap]: Timed out waiting for transform from base_link to map to become available, tf error: Invalid frame ID "map" passed to canTransform argument target_frame - frame does not exist
[planner_server-10] [INFO] [1790776256.594351142] [global_costmap.global_costmap]: Timed out waiting for transform from base_link to map to become available, tf error: Invalid frame ID "map" passed to canTransform argument target_frame - frame does not exist
[planner_server-10] [INFO] [1790776257.094325645] [global_costmap.global_costmap]: Timed out waiting for transform from base_link to map to become available, tf error: Invalid frame ID "map" passed to canTransform argument target_frame - frame does not exist
[amcl-7] [WARN] [1790776257.436631698] [amcl]: AMCL cannot publish a pose or update the transform. Please set the initial pose...
[planner_server-10] [INFO] [1790776257.594331653] [global_costmap.global_costmap]: Timed out waiting for transform from base_link to map to become available, tf error: Invalid frame ID "map" passed to canTransform argument target_frame - frame does not exist
[planner_server-10] [INFO] [1790776258.094331021] [global_costmap.global_costmap]: Timed out waiting for transform from base_link to map to become available, tf error: Invalid frame ID "map" passed to canTransform argument target_frame - frame does not exist
[planner_server-10] [INFO] [1790776258.594356004] [global_costmap.global_costmap]: Timed out waiting for transform from base_link to map to become available, tf error: Invalid frame ID "map" passed to canTransform argument target_frame - frame does not exist
[planner_server-10] [INFO] [1790776259.094334303] [global_costmap.global_costmap]: Timed out waiting for transform from base_link to map to become available, tf error: Invalid frame ID "map" passed to canTransform argument target_frame - frame does not exist
[planner_server-10] [INFO] [1790776259.594328963] [global_costmap.global_costmap]: Timed out waiting for transform from base_link to map to become available, tf error: Invalid frame ID "map" passed to canTransform argument target_frame - frame does not exist
[amcl-7] [WARN] [1790776259.631735073] [amcl]: AMCL cannot publish a pose or update the transform. Please set the initial pose...
[planner_server-10] [INFO] [1790776260.094343852] [global_costmap.global_costmap]: Timed out waiting for transform from base_link to map to become available, tf error: Invalid frame ID "map" passed to canTransform argument target_frame - frame does not exist
[planner_server-10] [INFO] [1790776260.594350724] [global_costmap.global_costmap]: Timed out waiting for transform from base_link to map to become available, tf error: Invalid frame ID "map" passed to canTransform argument target_frame - frame does not exist
[planner_server-10] [INFO] [1790776261.094353982] [global_costmap.global_costmap]: Timed out waiting for transform from base_link to map to become available, tf error: Invalid frame ID "map" passed to canTransform argument target_frame - frame does not exist
[planner_server-10] [INFO] [1790776261.594327830] [global_costmap.global_costmap]: Timed out waiting for transform from base_link to map to become available, tf error: Invalid frame ID "map" passed to canTransform argument target_frame - frame does not exist
[amcl-7] [WARN] [1790776261.828191945] [amcl]: AMCL cannot publish a pose or update the transform. Please set the initial pose...
[planner_server-10] [INFO] [1790776262.094334236] [global_costmap.global_costmap]: Timed out waiting for transform from base_link to map to become available, tf error: Invalid frame ID "map" passed to canTransform argument target_frame - frame does not exist
[planner_server-10] [INFO] [1790776262.594332934] [global_costmap.global_costmap]: Timed out waiting for transform from base_link to map to become available, tf error: Invalid frame ID "map" passed to canTransform argument target_frame - frame does not exist
[planner_server-10] [INFO] [1790776263.094337186] [global_costmap.global_costmap]: Timed out waiting for transform from base_link to map to become available, tf error: Invalid frame ID "map" passed to canTransform argument target_frame - frame does not exist
[planner_server-10] [INFO] [1790776263.594327412] [global_costmap.global_costmap]: Timed out waiting for transform from base_link to map to become available, tf error: Invalid frame ID "map" passed to canTransform argument target_frame - frame does not exist
[amcl-7] [WARN] [1790776263.844579509] [amcl]: AMCL cannot publish a pose or update the transform. Please set the initial pose...
[planner_server-10] [INFO] [1790776264.094338582] [global_costmap.global_costmap]: Timed out waiting for transform from base_link to map to become available, tf error: Invalid frame ID "map" passed to canTransform argument target_frame - frame does not exist
[planner_server-10] [INFO] [1790776264.594352554] [global_costmap.global_costmap]: Timed out waiting for transform from base_link to map to become available, tf error: Invalid frame ID "map" passed to canTransform argument target_frame - frame does not exist
[planner_server-10] [INFO] [1790776265.094330727] [global_costmap.global_costmap]: Timed out waiting for transform from base_link to map to become available, tf error: Invalid frame ID "map" passed to canTransform argument target_frame - frame does not exist
[planner_server-10] [INFO] [1790776265.594352791] [global_costmap.global_costmap]: Timed out waiting for transform from base_link to map to become available, tf error: Invalid frame ID "map" passed to canTransform argument target_frame - frame does not exist
[amcl-7] [WARN] [1790776266.040580610] [amcl]: AMCL cannot publish a pose or update the transform. Please set the initial pose...
[planner_server-10] [INFO] [1790776266.094346064] [global_costmap.global_costmap]: Timed out waiting for transform from base_link to map to become available, tf error: Invalid frame ID "map" passed to canTransform argument target_frame - frame does not exist
[planner_server-10] [INFO] [1790776266.594357013] [global_costmap.global_costmap]: Timed out waiting for transform from base_link to map to become available, tf error: Invalid frame ID "map" passed to canTransform argument target_frame - frame does not exist
[planner_server-10] [INFO] [1790776267.094329609] [global_costmap.global_costmap]: Timed out waiting for transform from base_link to map to become available, tf error: Invalid frame ID "map" passed to canTransform argument target_frame - frame does not exist
[planner_server-10] [INFO] [1790776267.594347798] [global_costmap.global_costmap]: Timed out waiting for transform from base_link to map to become available, tf error: Invalid frame ID "map" passed to canTransform argument target_frame - frame does not exist
[planner_server-10] [INFO] [1790776268.094355171] [global_costmap.global_costmap]: Timed out waiting for transform from base_link to map to become available, tf error: Invalid frame ID "map" passed to canTransform argument target_frame - frame does not exist
[amcl-7] [WARN] [1790776268.235843237] [amcl]: AMCL cannot publish a pose or update the transform. Please set the initial pose...
[planner_server-10] [INFO] [1790776268.594353909] [global_costmap.global_costmap]: Timed out waiting for transform from base_link to map to become available, tf error: Invalid frame ID "map" passed to canTransform argument target_frame - frame does not exist
[planner_server-10] [INFO] [1790776269.094356637] [global_costmap.global_costmap]: Timed out waiting for transform from base_link to map to become available, tf error: Invalid frame ID "map" passed to canTransform argument target_frame - frame does not exist
[planner_server-10] [INFO] [1790776269.594361231] [global_costmap.global_costmap]: Timed out waiting for transform from base_link to map to become available, tf error: Invalid frame ID "map" passed to canTransform argument target_frame - frame does not exist
[planner_server-10] [INFO] [1790776270.094327005] [global_costmap.global_costmap]: Timed out waiting for transform from base_link to map to become available, tf error: Invalid frame ID "map" passed to canTransform argument target_frame - frame does not exist
[amcl-7] [WARN] [1790776270.431726364] [amcl]: AMCL cannot publish a pose or update the transform. Please set the initial pose...
[planner_server-10] [INFO] [1790776270.594333673] [global_costmap.global_costmap]: Timed out waiting for transform from base_link to map to become available, tf error: Invalid frame ID "map" passed to canTransform argument target_frame - frame does not exist
[planner_server-10] [INFO] [1790776271.094327394] [global_costmap.global_costmap]: Timed out waiting for transform from base_link to map to become available, tf error: Invalid frame ID "map" passed to canTransform argument target_frame - frame does not exist
[planner_server-10] [INFO] [1790776271.594339333] [global_costmap.global_costmap]: Timed out waiting for transform from base_link to map to become available, tf error: Invalid frame ID "map" passed to canTransform argument target_frame - frame does not exist
[planner_server-10] [INFO] [1790776272.094328912] [global_costmap.global_costmap]: Timed out waiting for transform from base_link to map to become available, tf error: Invalid frame ID "map" passed to canTransform argument target_frame - frame does not exist
[planner_server-10] [INFO] [1790776272.594357266] [global_costmap.global_costmap]: Timed out waiting for transform from base_link to map to become available, tf error: Invalid frame ID "map" passed to canTransform argument target_frame - frame does not exist
[amcl-7] [WARN] [1790776272.628378891] [amcl]: AMCL cannot publish a pose or update the transform. Please set the initial pose...
[planner_server-10] [INFO] [1790776273.094344187] [global_costmap.global_costmap]: Timed out waiting for transform from base_link to map to become available, tf error: Invalid frame ID "map" passed to canTransform argument target_frame - frame does not exist
[planner_server-10] [INFO] [1790776273.594352627] [global_costmap.global_costmap]: Timed out waiting for transform from base_link to map to become available, tf error: Invalid frame ID "map" passed to canTransform argument target_frame - frame does not exist
[planner_server-10] [INFO] [1790776274.094340740] [global_costmap.global_costmap]: Timed out waiting for transform from base_link to map to become available, tf error: Invalid frame ID "map" passed to canTransform argument target_frame - frame does not exist
[planner_server-10] [INFO] [1790776274.594336622] [global_costmap.global_costmap]: Timed out waiting for transform from base_link to map to become available, tf error: Invalid frame ID "map" passed to canTransform argument target_frame - frame does not exist
[amcl-7] [WARN] [1790776274.643716919] [amcl]: AMCL cannot publish a pose or update the transform. Please set the initial pose...
[planner_server-10] [INFO] [1790776275.094348931] [global_costmap.global_costmap]: Timed out waiting for transform from base_link to map to become available, tf error: Invalid frame ID "map" passed to canTransform argument target_frame - frame does not exist
[planner_server-10] [INFO] [1790776275.594328666] [global_costmap.global_costmap]: Timed out waiting for transform from base_link to map to become available, tf error: Invalid frame ID "map" passed to canTransform argument target_frame - frame does not exist
[planner_server-10] [INFO] [1790776276.094326328] [global_costmap.global_costmap]: Timed out waiting for transform from base_link to map to become available, tf error: Invalid frame ID "map" passed to canTransform argument target_frame - frame does not exist
[planner_server-10] [INFO] [1790776276.594322833] [global_costmap.global_costmap]: Timed out waiting for transform from base_link to map to become available, tf error: Invalid frame ID "map" passed to canTransform argument target_frame - frame does not exist
[amcl-7] [WARN] [1790776276.839613692] [amcl]: AMCL cannot publish a pose or update the transform. Please set the initial pose...
[planner_server-10] [INFO] [1790776277.094331741] [global_costmap.global_costmap]: Timed out waiting for transform from base_link to map to become available, tf error: Invalid frame ID "map" passed to canTransform argument target_frame - frame does not exist
[planner_server-10] [INFO] [1790776277.594333254] [global_costmap.global_costmap]: Timed out waiting for transform from base_link to map to become available, tf error: Invalid frame ID "map" passed to canTransform argument target_frame - frame does not exist
[planner_server-10] [INFO] [1790776278.094325503] [global_costmap.global_costmap]: Timed out waiting for transform from base_link to map to become available, tf error: Invalid frame ID "map" passed to canTransform argument target_frame - frame does not exist
[planner_server-10] [INFO] [1790776278.594331694] [global_costmap.global_costmap]: Timed out waiting for transform from base_link to map to become available, tf error: Invalid frame ID "map" passed to canTransform argument target_frame - frame does not exist
[amcl-7] [WARN] [1790776279.035703959] [amcl]: AMCL cannot publish a pose or update the transform. Please set the initial pose...
[planner_server-10] [INFO] [1790776279.094343729] [global_costmap.global_costmap]: Timed out waiting for transform from base_link to map to become available, tf error: Invalid frame ID "map" passed to canTransform argument target_frame - frame does not exist
[planner_server-10] [INFO] [1790776279.594340837] [global_costmap.global_costmap]: Timed out waiting for transform from base_link to map to become available, tf error: Invalid frame ID "map" passed to canTransform argument target_frame - frame does not exist
[planner_server-10] [INFO] [1790776280.094343290] [global_costmap.global_costmap]: Timed out waiting for transform from base_link to map to become available, tf error: Invalid frame ID "map" passed to canTransform argument target_frame - frame does not exist
[planner_server-10] [INFO] [1790776280.594325442] [global_costmap.global_costmap]: Timed out waiting for transform from base_link to map to become available, tf error: Invalid frame ID "map" passed to canTransform argument target_frame - frame does not exist
[planner_server-10] [INFO] [1790776281.094326850] [global_costmap.global_costmap]: Timed out waiting for transform from base_link to map to become available, tf error: Invalid frame ID "map" passed to canTransform argument target_frame - frame does not exist
[amcl-7] [WARN] [1790776281.231733547] [amcl]: AMCL cannot publish a pose or update the transform. Please set the initial pose...
[planner_server-10] [INFO] [1790776281.594335641] [global_costmap.global_costmap]: Timed out waiting for transform from base_link to map to become available, tf error: Invalid frame ID "map" passed to canTransform argument target_frame - frame does not exist
[planner_server-10] [INFO] [1790776282.094328594] [global_costmap.global_costmap]: Timed out waiting for transform from base_link to map to become available, tf error: Invalid frame ID "map" passed to canTransform argument target_frame - frame does not exist
[planner_server-10] [INFO] [1790776282.594330890] [global_costmap.global_costmap]: Timed out waiting for transform from base_link to map to become available, tf error: Invalid frame ID "map" passed to canTransform argument target_frame - frame does not exist
[planner_server-10] [INFO] [1790776283.094351116] [global_costmap.global_costmap]: Timed out waiting for transform from base_link to map to become available, tf error: Invalid frame ID "map" passed to canTransform argument target_frame - frame does not exist
[amcl-7] [WARN] [1790776283.427762823] [amcl]: AMCL cannot publish a pose or update the transform. Please set the initial pose...
[planner_server-10] [INFO] [1790776283.594351722] [global_costmap.global_costmap]: Timed out waiting for transform from base_link to map to become available, tf error: Invalid frame ID "map" passed to canTransform argument target_frame - frame does not exist
[planner_server-10] [INFO] [1790776284.094355668] [global_costmap.global_costmap]: Timed out waiting for transform from base_link to map to become available, tf error: Invalid frame ID "map" passed to canTransform argument target_frame - frame does not exist
[planner_server-10] [INFO] [1790776284.594344640] [global_costmap.global_costmap]: Timed out waiting for transform from base_link to map to become available, tf error: Invalid frame ID "map" passed to canTransform argument target_frame - frame does not exist
[planner_server-10] [INFO] [1790776285.094328578] [global_costmap.global_costmap]: Timed out waiting for transform from base_link to map to become available, tf error: Invalid frame ID "map" passed to canTransform argument target_frame - frame does not exist
[amcl-7] [WARN] [1790776285.443929581] [amcl]: AMCL cannot publish a pose or update the transform. Please set the initial pose...
[planner_server-10] [INFO] [1790776285.594391663] [global_costmap.global_costmap]: Timed out waiting for transform from base_link to map to become available, tf error: Invalid frame ID "map" passed to canTransform argument target_frame - frame does not exist
[planner_server-10] [INFO] [1790776286.094328304] [global_costmap.global_costmap]: Timed out waiting for transform from base_link to map to become available, tf error: Invalid frame ID "map" passed to canTransform argument target_frame - frame does not exist
[planner_server-10] [INFO] [1790776286.594333150] [global_costmap.global_costmap]: Timed out waiting for transform from base_link to map to become available, tf error: Invalid frame ID "map" passed to canTransform argument target_frame - frame does not exist
[planner_server-10] [INFO] [1790776287.094330137] [global_costmap.global_costmap]: Timed out waiting for transform from base_link to map to become available, tf error: Invalid frame ID "map" passed to canTransform argument target_frame - frame does not exist
[planner_server-10] [INFO] [1790776287.594333063] [global_costmap.global_costmap]: Timed out waiting for transform from base_link to map to become available, tf error: Invalid frame ID "map" passed to canTransform argument target_frame - frame does not exist
[amcl-7] [WARN] [1790776287.640456698] [amcl]: AMCL cannot publish a pose or update the transform. Please set the initial pose...
[planner_server-10] [INFO] [1790776288.094355904] [global_costmap.global_costmap]: Timed out waiting for transform from base_link to map to become available, tf error: Invalid frame ID "map" passed to canTransform argument target_frame - frame does not exist
[planner_server-10] [INFO] [1790776288.594334976] [global_costmap.global_costmap]: Timed out waiting for transform from base_link to map to become available, tf error: Invalid frame ID "map" passed to canTransform argument target_frame - frame does not exist
[planner_server-10] [INFO] [1790776289.094331722] [global_costmap.global_costmap]: Timed out waiting for transform from base_link to map to become available, tf error: Invalid frame ID "map" passed to canTransform argument target_frame - frame does not exist
[planner_server-10] [ERROR] [1790776289.094373250] [global_costmap.global_costmap]: Failed to activate global_costmap because transform from base_link to map did not become available before timeout
[lifecycle_manager-19] [ERROR] [1790776289.094786186] [lifecycle_manager_nav2]: Failed to change state for node: planner_server
[lifecycle_manager-19] [ERROR] [1790776289.094819632] [lifecycle_manager_nav2]: Failed to bring up all requested nodes. Aborting bringup.
[amcl-7] [WARN] [1790776289.835652225] [amcl]: AMCL cannot publish a pose or update the transform. Please set the initial pose...
[amcl-7] [INFO] [1790776291.498815064] [amcl]: initialPoseReceived
[amcl-7] [WARN] [1790776291.498873539] [amcl]: Failed to transform initial pose in time (Lookup would require extrapolation into the future.  Requested time 64.086000 but the latest data is at time 64.080000, when looking up transform from frame [base_footprint] to frame [odom])
[amcl-7] [INFO] [1790776291.498883417] [amcl]: Setting pose (64.086000): -2.000 -0.500 0.000
