[INFO] [launch]: All log files can be found below /root/.ros/log/2026-09-30-13-58-00-276150-08dcb0cea545-51
[INFO] [launch]: Default logging verbosity is set to INFO
[INFO] [xacro-1]: process started with pid [81]
[INFO] [parameter_bridge-2]: process started with pid [82]
[INFO] [image_bridge-3]: process started with pid [83]
[INFO] [image_bridge-4]: process started with pid [84]
[INFO] [create-5]: process started with pid [85]
[INFO] [gz-6]: process started with pid [86]
[INFO] [robot_state_publisher-7]: process started with pid [87]
[INFO] [map_server-8]: process started with pid [88]
[INFO] [amcl-9]: process started with pid [89]
[INFO] [map_server-10]: process started with pid [90]
[INFO] [costmap_filter_info_server-11]: process started with pid [91]
[INFO] [map_server-12]: process started with pid [92]
[INFO] [costmap_filter_info_server-13]: process started with pid [93]
[INFO] [controller_server-14]: process started with pid [94]
[INFO] [smoother_server-15]: process started with pid [95]
[INFO] [planner_server-16]: process started with pid [96]
[INFO] [route_server-17]: process started with pid [97]
[INFO] [behavior_server-18]: process started with pid [98]
[INFO] [bt_navigator-19]: process started with pid [99]
[INFO] [waypoint_follower-20]: process started with pid [100]
[INFO] [velocity_smoother-21]: process started with pid [101]
[INFO] [collision_monitor-22]: process started with pid [102]
[INFO] [opennav_docking-23]: process started with pid [103]
[INFO] [opennav_following-24]: process started with pid [104]
[INFO] [lifecycle_manager-25]: process started with pid [105]
[costmap_filter_info_server-13] [INFO] [1790776680.763985518] [costmap_filter_info_server]: This is costmap filter info publisher
[costmap_filter_info_server-11] [INFO] [1790776680.772341903] [costmap_filter_info_server]: This is costmap filter info publisher
[smoother_server-15] [INFO] [1790776680.772553622] [smoother_server]: 
[smoother_server-15] 	smoother_server lifecycle node launched. 
[smoother_server-15] 	Waiting on external lifecycle transitions to activate
[smoother_server-15] 	See https://design.ros2.org/articles/node_lifecycle.html for more information.
[smoother_server-15] [INFO] [1790776680.775393055] [smoother_server]: Creating smoother server
[velocity_smoother-21] [INFO] [1790776680.777867546] [velocity_smoother]: 
[velocity_smoother-21] 	velocity_smoother lifecycle node launched. 
[velocity_smoother-21] 	Waiting on external lifecycle transitions to activate
[velocity_smoother-21] 	See https://design.ros2.org/articles/node_lifecycle.html for more information.
[route_server-17] [INFO] [1790776680.787874612] [route_server]: 
[route_server-17] 	route_server lifecycle node launched. 
[route_server-17] 	Waiting on external lifecycle transitions to activate
[route_server-17] 	See https://design.ros2.org/articles/node_lifecycle.html for more information.
[collision_monitor-22] [INFO] [1790776680.787898469] [collision_monitor]: 
[collision_monitor-22] 	collision_monitor lifecycle node launched. 
[collision_monitor-22] 	Waiting on external lifecycle transitions to activate
[collision_monitor-22] 	See https://design.ros2.org/articles/node_lifecycle.html for more information.
[lifecycle_manager-25] [INFO] [1790776680.788663640] [lifecycle_manager_nav2]: Creating
[lifecycle_manager-25] [INFO] [1790776680.788857206] [lifecycle_manager_nav2]: [34m[1mCreating and initializing lifecycle publishers[0m[0m
[lifecycle_manager-25] [INFO] [1790776680.789445018] [lifecycle_manager_nav2]: [34m[1mCreating and initializing lifecycle service clients[0m[0m
[create-5] [INFO] [1790776680.789927072] [ros_gz_sim]: Requesting list of world names.
[controller_server-14] [INFO] [1790776680.790179349] [controller_server]: 
[controller_server-14] 	controller_server lifecycle node launched. 
[controller_server-14] 	Waiting on external lifecycle transitions to activate
[controller_server-14] 	See https://design.ros2.org/articles/node_lifecycle.html for more information.
[robot_state_publisher-7] [WARN] [1790776680.790784830] [kdl_parser]: The root link base_link has an inertia specified in the URDF, but KDL does not support a root link with an inertia.  As a workaround, you can add an extra dummy link to your URDF.
[robot_state_publisher-7] [INFO] [1790776680.790920124] [robot_state_publisher]: Robot initialized
[behavior_server-18] [INFO] [1790776680.791917101] [behavior_server]: 
[behavior_server-18] 	behavior_server lifecycle node launched. 
[behavior_server-18] 	Waiting on external lifecycle transitions to activate
[behavior_server-18] 	See https://design.ros2.org/articles/node_lifecycle.html for more information.
[costmap_filter_info_server-13] [INFO] [1790776680.795809104] [speed_costmap_filter_info_server]: 
[costmap_filter_info_server-13] 	speed_costmap_filter_info_server lifecycle node launched. 
[costmap_filter_info_server-13] 	Waiting on external lifecycle transitions to activate
[costmap_filter_info_server-13] 	See https://design.ros2.org/articles/node_lifecycle.html for more information.
[opennav_following-24] [INFO] [1790776680.795844356] [following_server]: 
[opennav_following-24] 	following_server lifecycle node launched. 
[opennav_following-24] 	Waiting on external lifecycle transitions to activate
[opennav_following-24] 	See https://design.ros2.org/articles/node_lifecycle.html for more information.
[opennav_following-24] [INFO] [1790776680.795919476] [following_server]: Creating following_server
[waypoint_follower-20] [INFO] [1790776680.795873229] [waypoint_follower]: 
[waypoint_follower-20] 	waypoint_follower lifecycle node launched. 
[waypoint_follower-20] 	Waiting on external lifecycle transitions to activate
[waypoint_follower-20] 	See https://design.ros2.org/articles/node_lifecycle.html for more information.
[opennav_docking-23] [INFO] [1790776680.796128671] [docking_server]: 
[opennav_docking-23] 	docking_server lifecycle node launched. 
[opennav_docking-23] 	Waiting on external lifecycle transitions to activate
[opennav_docking-23] 	See https://design.ros2.org/articles/node_lifecycle.html for more information.
[opennav_docking-23] [INFO] [1790776680.796198542] [docking_server]: Creating docking_server
[amcl-9] [INFO] [1790776680.796262723] [amcl]: 
[amcl-9] 	amcl lifecycle node launched. 
[amcl-9] 	Waiting on external lifecycle transitions to activate
[amcl-9] 	See https://design.ros2.org/articles/node_lifecycle.html for more information.
[bt_navigator-19] [INFO] [1790776680.796476759] [bt_navigator]: 
[bt_navigator-19] 	bt_navigator lifecycle node launched. 
[bt_navigator-19] 	Waiting on external lifecycle transitions to activate
[bt_navigator-19] 	See https://design.ros2.org/articles/node_lifecycle.html for more information.
[amcl-9] [INFO] [1790776680.797125243] [amcl]: Creating
[waypoint_follower-20] [INFO] [1790776680.798274301] [waypoint_follower]: Creating
[bt_navigator-19] [INFO] [1790776680.800302351] [bt_navigator]: Creating
[controller_server-14] [INFO] [1790776680.802591136] [controller_server]: Creating controller server
[costmap_filter_info_server-11] [INFO] [1790776680.805393547] [keepout_costmap_filter_info_server]: 
[costmap_filter_info_server-11] 	keepout_costmap_filter_info_server lifecycle node launched. 
[costmap_filter_info_server-11] 	Waiting on external lifecycle transitions to activate
[costmap_filter_info_server-11] 	See https://design.ros2.org/articles/node_lifecycle.html for more information.
[planner_server-16] [INFO] [1790776680.806866684] [planner_server]: 
[planner_server-16] 	planner_server lifecycle node launched. 
[planner_server-16] 	Waiting on external lifecycle transitions to activate
[planner_server-16] 	See https://design.ros2.org/articles/node_lifecycle.html for more information.
[map_server-10] [INFO] [1790776680.807714004] [keepout_filter_mask_server]: 
[map_server-10] 	keepout_filter_mask_server lifecycle node launched. 
[map_server-10] 	Waiting on external lifecycle transitions to activate
[map_server-10] 	See https://design.ros2.org/articles/node_lifecycle.html for more information.
[map_server-10] [INFO] [1790776680.807769614] [keepout_filter_mask_server]: Creating
[map_server-12] [INFO] [1790776680.808220701] [speed_filter_mask_server]: 
[map_server-12] 	speed_filter_mask_server lifecycle node launched. 
[map_server-12] 	Waiting on external lifecycle transitions to activate
[map_server-12] 	See https://design.ros2.org/articles/node_lifecycle.html for more information.
[map_server-12] [INFO] [1790776680.808289210] [speed_filter_mask_server]: Creating
[planner_server-16] [INFO] [1790776680.808837595] [planner_server]: Creating
[map_server-8] [INFO] [1790776680.809263238] [map_server]: 
[map_server-8] 	map_server lifecycle node launched. 
[map_server-8] 	Waiting on external lifecycle transitions to activate
[map_server-8] 	See https://design.ros2.org/articles/node_lifecycle.html for more information.
[map_server-8] [INFO] [1790776680.809331892] [map_server]: Creating
[planner_server-16] [INFO] [1790776680.813119783] [global_costmap.global_costmap]: 
[planner_server-16] 	global_costmap lifecycle node launched. 
[planner_server-16] 	Waiting on external lifecycle transitions to activate
[planner_server-16] 	See https://design.ros2.org/articles/node_lifecycle.html for more information.
[planner_server-16] [INFO] [1790776680.813675215] [global_costmap.global_costmap]: Creating Costmap
[controller_server-14] [INFO] [1790776680.814079985] [local_costmap.local_costmap]: 
[controller_server-14] 	local_costmap lifecycle node launched. 
[controller_server-14] 	Waiting on external lifecycle transitions to activate
[controller_server-14] 	See https://design.ros2.org/articles/node_lifecycle.html for more information.
[controller_server-14] [INFO] [1790776680.814809804] [local_costmap.local_costmap]: Creating Costmap
[INFO] [xacro-1]: process has finished cleanly [pid 81]
[lifecycle_manager-25] [INFO] [1790776681.143413382] [lifecycle_manager_nav2]: [34m[1mCreating and initializing lifecycle service servers[0m[0m
[lifecycle_manager-25] [INFO] [1790776681.147060810] [lifecycle_manager_nav2]: [34m[1mStarting managed nodes bringup...[0m[0m
[lifecycle_manager-25] [INFO] [1790776681.147101609] [lifecycle_manager_nav2]: [34m[1mConfiguring map_server[0m[0m
[map_server-8] [INFO] [1790776681.147408526] [map_server]: Configuring
[map_server-8] [INFO] [1790776681.147737823] [map_io]: Loading yaml file: /opt/overlay_ws/install/nav2_bringup/share/nav2_bringup/maps/depot.yaml
[map_server-8] [INFO] [1790776681.148101266] [map_io]: resolution: 0.05
[map_server-8] [INFO] [1790776681.148115750] [map_io]: origin[0]: 0
[map_server-8] [INFO] [1790776681.148119906] [map_io]: origin[1]: 0
[map_server-8] [INFO] [1790776681.148123478] [map_io]: origin[2]: 0
[map_server-8] [INFO] [1790776681.148127955] [map_io]: free_thresh: 0.25
[map_server-8] [INFO] [1790776681.148130804] [map_io]: occupied_thresh: 0.65
[map_server-8] [INFO] [1790776681.148134543] [map_io]: mode: trinary
[map_server-8] [INFO] [1790776681.148137722] [map_io]: negate: 0
[map_server-8] [INFO] [1790776681.148293348] [map_io]: Loading image_file: /opt/overlay_ws/install/nav2_bringup/share/nav2_bringup/maps/depot.pgm
[map_server-8] [INFO] [1790776681.150752273] [map_io]: Read map /opt/overlay_ws/install/nav2_bringup/share/nav2_bringup/maps/depot.pgm: 604 X 307 map @ 0.05 m/cell
[lifecycle_manager-25] [INFO] [1790776681.160979705] [lifecycle_manager_nav2]: [34m[1mConfiguring amcl[0m[0m
[amcl-9] [INFO] [1790776681.161387415] [amcl]: Configuring
[amcl-9] [INFO] [1790776681.170341579] [amcl]: initTransforms
[amcl-9] [INFO] [1790776681.184510650] [amcl]: initPubSub
[amcl-9] [INFO] [1790776681.193210819] [amcl]: Subscribed to map topic.
[lifecycle_manager-25] [INFO] [1790776681.197121619] [lifecycle_manager_nav2]: [34m[1mConfiguring keepout_filter_mask_server[0m[0m
[map_server-10] [INFO] [1790776681.197305457] [keepout_filter_mask_server]: Configuring
[map_server-10] [INFO] [1790776681.197604723] [map_io]: Loading yaml file: /opt/overlay_ws/install/nav2_bringup/share/nav2_bringup/maps/depot_keepout.yaml
[map_server-10] [INFO] [1790776681.197785812] [map_io]: resolution: 0.05
[map_server-10] [INFO] [1790776681.197789740] [map_io]: origin[0]: 0
[map_server-10] [INFO] [1790776681.197791637] [map_io]: origin[1]: 0
[map_server-10] [INFO] [1790776681.197793334] [map_io]: origin[2]: 0
[map_server-10] [INFO] [1790776681.197795225] [map_io]: free_thresh: 0.25
[map_server-10] [INFO] [1790776681.197797066] [map_io]: occupied_thresh: 0.65
[map_server-10] [INFO] [1790776681.197799531] [map_io]: mode: trinary
[map_server-10] [INFO] [1790776681.197801891] [map_io]: negate: 0
[map_server-10] [INFO] [1790776681.197898937] [map_io]: Loading image_file: /opt/overlay_ws/install/nav2_bringup/share/nav2_bringup/maps/depot_keepout.pgm
[map_server-10] [INFO] [1790776681.200049890] [map_io]: Read map /opt/overlay_ws/install/nav2_bringup/share/nav2_bringup/maps/depot_keepout.pgm: 604 X 307 map @ 0.05 m/cell
[lifecycle_manager-25] [INFO] [1790776681.212799718] [lifecycle_manager_nav2]: [34m[1mConfiguring keepout_costmap_filter_info_server[0m[0m
[costmap_filter_info_server-11] [INFO] [1790776681.213123922] [keepout_costmap_filter_info_server]: Configuring
[lifecycle_manager-25] [INFO] [1790776681.229813780] [lifecycle_manager_nav2]: [34m[1mConfiguring speed_filter_mask_server[0m[0m
[map_server-12] [INFO] [1790776681.230110738] [speed_filter_mask_server]: Configuring
[map_server-12] [INFO] [1790776681.230694357] [map_io]: Loading yaml file: /opt/overlay_ws/install/nav2_bringup/share/nav2_bringup/maps/depot_speed.yaml
[map_server-12] [INFO] [1790776681.231054996] [map_io]: resolution: 0.05
[map_server-12] [INFO] [1790776681.231062837] [map_io]: origin[0]: 0
[map_server-12] [INFO] [1790776681.231066842] [map_io]: origin[1]: 0
[map_server-12] [INFO] [1790776681.231070185] [map_io]: origin[2]: 0
[map_server-12] [INFO] [1790776681.231073308] [map_io]: free_thresh: 0
[map_server-12] [INFO] [1790776681.231076750] [map_io]: occupied_thresh: 1
[map_server-12] [INFO] [1790776681.231081551] [map_io]: mode: scale
[map_server-12] [INFO] [1790776681.231086272] [map_io]: negate: 0
[map_server-12] [INFO] [1790776681.231268110] [map_io]: Loading image_file: /opt/overlay_ws/install/nav2_bringup/share/nav2_bringup/maps/depot_speed.pgm
[map_server-12] [INFO] [1790776681.236324794] [map_io]: Read map /opt/overlay_ws/install/nav2_bringup/share/nav2_bringup/maps/depot_speed.pgm: 604 X 307 map @ 0.05 m/cell
[lifecycle_manager-25] [INFO] [1790776681.246389064] [lifecycle_manager_nav2]: [34m[1mConfiguring speed_costmap_filter_info_server[0m[0m
[costmap_filter_info_server-13] [INFO] [1790776681.246653180] [speed_costmap_filter_info_server]: Configuring
[lifecycle_manager-25] [INFO] [1790776681.259429865] [lifecycle_manager_nav2]: [34m[1mConfiguring controller_server[0m[0m
[controller_server-14] [INFO] [1790776681.259777242] [controller_server]: Configuring controller interface
[controller_server-14] [INFO] [1790776681.259842770] [local_costmap.local_costmap]: Configuring
[controller_server-14] [INFO] [1790776681.278628817] [local_costmap.local_costmap]: Using plugin "voxel_layer"
[controller_server-14] [INFO] [1790776681.287139403] [local_costmap.local_costmap]: Subscribed to Topics: scan
[controller_server-14] [INFO] [1790776681.308963308] [local_costmap.local_costmap]: Initialized plugin "voxel_layer"
[controller_server-14] [INFO] [1790776681.308996285] [local_costmap.local_costmap]: Using plugin "inflation_layer"
[controller_server-14] [INFO] [1790776681.310079051] [local_costmap.local_costmap]: Initialized plugin "inflation_layer"
[controller_server-14] [INFO] [1790776681.310095724] [local_costmap.local_costmap]: Using costmap filter "keepout_filter"
[controller_server-14] [INFO] [1790776681.316178234] [local_costmap.local_costmap]: Initialized costmap filter "keepout_filter"
[controller_server-14] [INFO] [1790776681.332020174] [controller_server]: Controller frequency set to 20.0000Hz
[controller_server-14] [INFO] [1790776681.332042903] [controller_server]: getting progress checker plugins..
[controller_server-14] [INFO] [1790776681.332154805] [controller_server]: getting goal checker plugins..
[controller_server-14] [INFO] [1790776681.332213115] [controller_server]: getting controller plugins..
[controller_server-14] [INFO] [1790776681.332326697] [controller_server]: getting path handler plugins..
[controller_server-14] [INFO] [1790776681.333023244] [controller_server]: Created progress_checker : progress_checker of type nav2_controller::SimpleProgressChecker
[controller_server-14] [INFO] [1790776681.333040430] [controller_server]: Controller Server has progress_checker  progress checkers available.
[controller_server-14] [INFO] [1790776681.333460414] [controller_server]: Created goal checker : general_goal_checker of type nav2_controller::SimpleGoalChecker
[controller_server-14] [INFO] [1790776681.333470717] [controller_server]: Controller Server has general_goal_checker  goal checkers available.
[controller_server-14] [INFO] [1790776681.333986275] [controller_server]: Created path handler : PathHandler of type nav2_controller::FeasiblePathHandler
[controller_server-14] [INFO] [1790776681.333994894] [controller_server]: Controller Server has PathHandler  path handlers available.
[controller_server-14] [INFO] [1790776681.336053074] [controller_server]: Created controller : FollowPath of type nav2_mppi_controller::MPPIController
[controller_server-14] [INFO] [1790776681.339469830] [controller_server]: Loaded motion model plugin: mppi::DiffDriveMotionModel
[controller_server-14] [INFO] [1790776681.339508161] [controller_server]: Controller period is equal to model dt. Control sequence shifting is ON
[controller_server-14] [INFO] [1790776681.343267395] [controller_server]: ConstraintCritic instantiated with 1 power and 4.000000 weight.
[controller_server-14] [INFO] [1790776681.343286478] [controller_server]: Critic loaded : mppi::critics::ConstraintCritic
[controller_server-14] [INFO] [1790776681.343926614] [controller_server]: InflationCostCritic instantiated with 1 power and 300.000000 / 0.015000 weights. Critic will collision check based on circular cost.
[controller_server-14] [INFO] [1790776681.343941155] [controller_server]: Critic loaded : mppi::critics::CostCritic
[controller_server-14] [INFO] [1790776681.344176909] [controller_server]: GoalCritic instantiated with 1 power and 5.000000 weight.
[controller_server-14] [INFO] [1790776681.344182446] [controller_server]: Critic loaded : mppi::critics::GoalCritic
[controller_server-14] [INFO] [1790776681.344484507] [controller_server]: GoalAngleCritic instantiated with 1 power, 3.000000 weight, 0.500000 angular threshold and symmetric_yaw_tolerance disabled
[controller_server-14] [INFO] [1790776681.344498069] [controller_server]: Critic loaded : mppi::critics::GoalAngleCritic
[controller_server-14] [INFO] [1790776681.344987632] [controller_server]: ReferenceTrajectoryCritic instantiated with 1 power and 14.000000 weight
[controller_server-14] [INFO] [1790776681.344995579] [controller_server]: Critic loaded : mppi::critics::PathAlignCritic
[controller_server-14] [INFO] [1790776681.345309962] [controller_server]: Critic loaded : mppi::critics::PathFollowCritic
[controller_server-14] [INFO] [1790776681.345710335] [controller_server]: PathAngleCritic instantiated with 1 power and 2.000000 weight. Mode set to: Forward Preference
[controller_server-14] [INFO] [1790776681.345717210] [controller_server]: Critic loaded : mppi::critics::PathAngleCritic
[controller_server-14] [INFO] [1790776681.346012348] [controller_server]: PreferForwardCritic instantiated with 1 power and 5.000000 weight.
[controller_server-14] [INFO] [1790776681.346018585] [controller_server]: Critic loaded : mppi::critics::PreferForwardCritic
[controller_server-14] [INFO] [1790776681.347837352] [controller_server]: Loaded trajectory validator plugin: mppi::DefaultOptimalTrajectoryValidator
[controller_server-14] [INFO] [1790776681.349925314] [controller_server]: Optimizer reset
[controller_server-14] [INFO] [1790776681.352557941] [MPPIController]: Configured MPPI Controller: FollowPath
[controller_server-14] [INFO] [1790776681.352567034] [controller_server]: Controller Server has FollowPath  controllers available.
[lifecycle_manager-25] [INFO] [1790776681.358069095] [lifecycle_manager_nav2]: [34m[1mConfiguring smoother_server[0m[0m
[smoother_server-15] [INFO] [1790776681.358218358] [smoother_server]: Configuring smoother server
[smoother_server-15] [INFO] [1790776681.369122399] [smoother_server]: Created smoother : simple_smoother of type nav2_smoother::SimpleSmoother
[smoother_server-15] [INFO] [1790776681.369449980] [smoother_server]: Created smoother : route_smoother of type nav2_smoother::SimpleSmoother
[smoother_server-15] [INFO] [1790776681.369675682] [smoother_server]: Smoother Server has simple_smoother route_smoother  smoothers available.
[lifecycle_manager-25] [INFO] [1790776681.373402967] [lifecycle_manager_nav2]: [34m[1mConfiguring planner_server[0m[0m
[planner_server-16] [INFO] [1790776681.373541881] [planner_server]: Configuring
[planner_server-16] [INFO] [1790776681.373558743] [global_costmap.global_costmap]: Configuring
[planner_server-16] [INFO] [1790776681.378807496] [global_costmap.global_costmap]: Using plugin "static_layer"
[planner_server-16] [INFO] [1790776681.382979008] [global_costmap.global_costmap]: Subscribing to the map topic (/map) with transient local durability
[planner_server-16] [INFO] [1790776681.385203659] [global_costmap.global_costmap]: Initialized plugin "static_layer"
[planner_server-16] [INFO] [1790776681.385233193] [global_costmap.global_costmap]: Using plugin "obstacle_layer"
[planner_server-16] [INFO] [1790776681.386277063] [global_costmap.global_costmap]: Subscribed to Topics: scan
[planner_server-16] [INFO] [1790776681.391956288] [global_costmap.global_costmap]: Initialized plugin "obstacle_layer"
[planner_server-16] [INFO] [1790776681.391977856] [global_costmap.global_costmap]: Using plugin "inflation_layer"
[planner_server-16] [INFO] [1790776681.393037251] [global_costmap.global_costmap]: Initialized plugin "inflation_layer"
[planner_server-16] [INFO] [1790776681.393074959] [global_costmap.global_costmap]: Using costmap filter "keepout_filter"
[planner_server-16] [INFO] [1790776681.400127863] [global_costmap.global_costmap]: Initialized costmap filter "keepout_filter"
[planner_server-16] [INFO] [1790776681.400149737] [global_costmap.global_costmap]: Using costmap filter "speed_filter"
[planner_server-16] [INFO] [1790776681.401390145] [global_costmap.global_costmap]: Initialized costmap filter "speed_filter"
[planner_server-16] [INFO] [1790776681.421700103] [planner_server]: Created global planner plugin GridBased of type nav2_navfn_planner::NavfnPlanner
[planner_server-16] [INFO] [1790776681.421717679] [planner_server]: Configuring plugin GridBased of type NavfnPlanner
[planner_server-16] [INFO] [1790776681.422118982] [planner_server]: Planner Server has GridBased  planners available.
[lifecycle_manager-25] [INFO] [1790776681.426557175] [lifecycle_manager_nav2]: [34m[1mConfiguring route_server[0m[0m
[route_server-17] [INFO] [1790776681.426663906] [route_server]: Configuring
[route_server-17] [INFO] [1790776681.445225211] [route_server]: Created GraphFileLoader GeoJsonGraphFileLoader of type nav2_route::GeoJsonGraphFileLoader
[route_server-17] [INFO] [1790776681.445240345] [route_server]: Configuring geojson graph file loader
[route_server-17] [INFO] [1790776681.445243982] [route_server]: Loading graph file from /opt/overlay_ws/install/nav2_bringup/share/nav2_bringup/graphs/depot_graph.geojson, by parser nav2_route::GeoJsonGraphFileLoader
[route_server-17] [INFO] [1790776681.447368715] [route_server]: Created edge cost function plugin DistanceScorer of type nav2_route::DistanceScorer
[route_server-17] [INFO] [1790776681.447380219] [route_server]: Configuring distance scorer.
[route_server-17] [INFO] [1790776681.447517231] [route_server]: Created edge cost function plugin CostmapScorer of type nav2_route::CostmapScorer
[route_server-17] [INFO] [1790776681.447521554] [route_server]: Configuring costmap scorer.
[route_server-17] [INFO] [1790776681.449743048] [route_server]: Created route operation AdjustSpeedLimit of type nav2_route::AdjustSpeedLimit
[route_server-17] [INFO] [1790776681.449757291] [route_server]: Configuring Adjust speed limit operation.
[route_server-17] [INFO] [1790776681.450498409] [route_server]: Created route operation ReroutingService of type nav2_route::ReroutingService
[route_server-17] [INFO] [1790776681.450508344] [route_server]: Configuring Rerouting service operation.
[route_server-17] [INFO] [1790776681.451402781] [route_server]: Created route operation CollisionMonitor of type nav2_route::CollisionMonitor
[route_server-17] [INFO] [1790776681.451509814] [route_server]: Using costmap topic: local_costmap/costmap_raw instead of server costmap topic: global_costmap/costmap_raw for CollisionMonitor.
[lifecycle_manager-25] [INFO] [1790776681.454559258] [lifecycle_manager_nav2]: [34m[1mConfiguring behavior_server[0m[0m
[behavior_server-18] [INFO] [1790776681.454728137] [behavior_server]: Configuring
[behavior_server-18] [INFO] [1790776681.457559050] [behavior_server]: Creating behavior plugin spin of type nav2_behaviors::Spin
[behavior_server-18] [INFO] [1790776681.458377172] [behavior_server]: Creating behavior plugin backup of type nav2_behaviors::BackUp
[behavior_server-18] [INFO] [1790776681.459674543] [behavior_server]: Creating behavior plugin drive_on_heading of type nav2_behaviors::DriveOnHeading
[behavior_server-18] [INFO] [1790776681.460539867] [behavior_server]: Creating behavior plugin assisted_teleop of type nav2_behaviors::AssistedTeleop
[behavior_server-18] [INFO] [1790776681.461937843] [behavior_server]: Creating behavior plugin wait of type nav2_behaviors::Wait
[behavior_server-18] [INFO] [1790776681.472345312] [behavior_server]: Configuring spin
[behavior_server-18] [INFO] [1790776681.476326145] [behavior_server]: Configuring backup
[behavior_server-18] [INFO] [1790776681.478279406] [behavior_server]: Configuring drive_on_heading
[behavior_server-18] [INFO] [1790776681.480902150] [behavior_server]: Configuring assisted_teleop
[behavior_server-18] [INFO] [1790776681.484753998] [behavior_server]: Configuring wait
[lifecycle_manager-25] [INFO] [1790776681.488136337] [lifecycle_manager_nav2]: [34m[1mConfiguring velocity_smoother[0m[0m
[velocity_smoother-21] [INFO] [1790776681.488253296] [velocity_smoother]: Configuring velocity smoother
[lifecycle_manager-25] [INFO] [1790776681.493037684] [lifecycle_manager_nav2]: [34m[1mConfiguring collision_monitor[0m[0m
[collision_monitor-22] [INFO] [1790776681.493199215] [collision_monitor]: Configuring
[collision_monitor-22] [INFO] [1790776681.499554731] [collision_monitor]: [scan]: Creating Scan
[collision_monitor-22] [INFO] [1790776681.505121935] [collision_monitor]: [FootprintApproach]: Creating Polygon
[collision_monitor-22] [INFO] [1790776681.505303623] [collision_monitor]: [FootprintApproach]: Polygon points are not defined. Using dynamic subscription instead.
[collision_monitor-22] [INFO] [1790776681.506384346] [collision_monitor]: [FootprintApproach]: Making footprint subscriber on local_costmap/published_footprint topic
[collision_monitor-22] [INFO] [1790776681.518845509] [collision_monitor]: Collision monitor is enabled at startup.
[lifecycle_manager-25] [INFO] [1790776681.519230605] [lifecycle_manager_nav2]: [34m[1mConfiguring bt_navigator[0m[0m
[bt_navigator-19] [INFO] [1790776681.519433344] [bt_navigator]: Configuring
[bt_navigator-19] [INFO] [1790776681.530562899] [bt_navigator]: Creating navigator id navigate_to_pose of type nav2_bt_navigator::NavigateToPoseNavigator
[bt_navigator-19] [INFO] [1790776681.536834342] [bt_navigator]: Error_code parameters were set to: assisted_teleop backup compute_path dock_robot drive_on_heading follow_object follow_path nav_thru_poses nav_to_pose route spin smoother undock_robot wait
[bt_navigator-19] [INFO] [1790776681.543788206] [bt_navigator_navigate_to_pose_rclcpp_node]: 
[bt_navigator-19] 	bt_navigator_navigate_to_pose_rclcpp_node lifecycle node launched. 
[bt_navigator-19] 	Waiting on external lifecycle transitions to activate
[bt_navigator-19] 	See https://design.ros2.org/articles/node_lifecycle.html for more information.
[bt_navigator-19] [INFO] [1790776681.583437997] [bt_navigator]: Creating navigator id navigate_through_poses of type nav2_bt_navigator::NavigateThroughPosesNavigator
[bt_navigator-19] [INFO] [1790776681.584786451] [bt_navigator]: Error_code parameters were set to: assisted_teleop backup compute_path dock_robot drive_on_heading follow_object follow_path nav_thru_poses nav_to_pose route spin smoother undock_robot wait
[bt_navigator-19] [INFO] [1790776681.591091821] [bt_navigator_navigate_through_poses_rclcpp_node]: 
[bt_navigator-19] 	bt_navigator_navigate_through_poses_rclcpp_node lifecycle node launched. 
[bt_navigator-19] 	Waiting on external lifecycle transitions to activate
[bt_navigator-19] 	See https://design.ros2.org/articles/node_lifecycle.html for more information.
[lifecycle_manager-25] [INFO] [1790776681.595723533] [lifecycle_manager_nav2]: [34m[1mConfiguring waypoint_follower[0m[0m
[waypoint_follower-20] [INFO] [1790776681.595863409] [waypoint_follower]: Configuring
[waypoint_follower-20] [INFO] [1790776681.608069600] [waypoint_follower]: Created waypoint_task_executor : wait_at_waypoint of type nav2_waypoint_follower::WaitAtWaypoint
[lifecycle_manager-25] [INFO] [1790776681.608437194] [lifecycle_manager_nav2]: [34m[1mConfiguring docking_server[0m[0m
[opennav_docking-23] [INFO] [1790776681.608544710] [docking_server]: Configuring docking_server
[opennav_docking-23] [INFO] [1790776681.609306798] [docking_server]: Controller frequency set to 50.0000Hz
[opennav_docking-23] [INFO] [1790776681.630907370] [docking_server]: Created charging dock plugin simple_charging_dock of type opennav_docking::SimpleChargingDock
[opennav_docking-23] [WARN] [1790776681.635900113] [docking_server]: Dock database filepath nor dock parameters set. Docking actions can only be executed specifying the dock pose via the action request. Or update the dock database via the reload_database service.
[opennav_docking-23] [INFO] [1790776681.635928612] [docking_server]: Docking Server has 1 dock types and 0 dock instances available.
[lifecycle_manager-25] [INFO] [1790776681.637717978] [lifecycle_manager_nav2]: [34m[1mConfiguring following_server[0m[0m
[opennav_following-24] [INFO] [1790776681.637985239] [following_server]: Configuring following_server
[opennav_following-24] [INFO] [1790776681.639194288] [following_server]: Controller frequency set to 50.0000Hz
[lifecycle_manager-25] [INFO] [1790776681.654309984] [lifecycle_manager_nav2]: [34m[1mActivating map_server[0m[0m
[map_server-8] [INFO] [1790776681.654404613] [map_server]: Activating
[map_server-8] [INFO] [1790776681.654774527] [map_server]: Creating bond (map_server) to lifecycle manager.
[amcl-9] [INFO] [1790776681.654927142] [amcl]: Received a 604 X 307 map @ 0.050 m/pix
[planner_server-16] [INFO] [1790776681.654995547] [global_costmap.global_costmap]: StaticLayer: Resizing costmap to 604 X 307 at 0.050000 m/pix
[parameter_bridge-2] [INFO] [1790776681.809365778] [bridge_ros_gz]: Creating GZ->ROS Bridge: [/clock (gz.msgs.Clock) -> clock (rosgraph_msgs/msg/Clock)] (Lazy 0)
[parameter_bridge-2] [INFO] [1790776681.813977876] [bridge_ros_gz]: Creating GZ->ROS Bridge: [joint_states (gz.msgs.Model) -> joint_states (sensor_msgs/msg/JointState)] (Lazy 0)
[parameter_bridge-2] [INFO] [1790776681.823148305] [bridge_ros_gz]: Creating GZ->ROS Bridge: [/odom (gz.msgs.Odometry) -> odom (nav_msgs/msg/Odometry)] (Lazy 0)
[parameter_bridge-2] [INFO] [1790776681.829883703] [bridge_ros_gz]: Creating GZ->ROS Bridge: [/tf (gz.msgs.Pose_V) -> tf (tf2_msgs/msg/TFMessage)] (Lazy 0)
[parameter_bridge-2] [INFO] [1790776681.835186736] [bridge_ros_gz]: Creating GZ->ROS Bridge: [/imu (gz.msgs.IMU) -> imu (sensor_msgs/msg/Imu)] (Lazy 0)
[parameter_bridge-2] [INFO] [1790776681.837893080] [bridge_ros_gz]: Creating GZ->ROS Bridge: [/scan (gz.msgs.LaserScan) -> scan (sensor_msgs/msg/LaserScan)] (Lazy 0)
[parameter_bridge-2] [INFO] [1790776681.841287764] [bridge_ros_gz]: Creating ROS->GZ Bridge: [cmd_vel (geometry_msgs/msg/Twist) -> /cmd_vel (gz.msgs.Twist)] (Lazy 0)
[parameter_bridge-2] [INFO] [1790776681.844329184] [bridge_ros_gz]: Creating GZ->ROS Bridge: [/rgbd_camera/camera_info (gz.msgs.CameraInfo) -> /rgbd_camera/camera_info (sensor_msgs/msg/CameraInfo)] (Lazy 0)
[lifecycle_manager-25] [INFO] [1790776681.907704676] [lifecycle_manager_nav2]: Server map_server connected with bond.
[lifecycle_manager-25] [INFO] [1790776681.907778523] [lifecycle_manager_nav2]: [34m[1mActivating amcl[0m[0m
[amcl-9] [INFO] [1790776681.908370681] [amcl]: Activating
[amcl-9] [INFO] [1790776681.908543397] [amcl]: Creating bond (amcl) to lifecycle manager.
[lifecycle_manager-25] [INFO] [1790776682.166904901] [lifecycle_manager_nav2]: Server amcl connected with bond.
[lifecycle_manager-25] [INFO] [1790776682.166946902] [lifecycle_manager_nav2]: [34m[1mActivating keepout_filter_mask_server[0m[0m
[map_server-10] [INFO] [1790776682.167452582] [keepout_filter_mask_server]: Activating
[map_server-10] [INFO] [1790776682.168045679] [keepout_filter_mask_server]: Creating bond (keepout_filter_mask_server) to lifecycle manager.
[lifecycle_manager-25] [INFO] [1790776682.426622731] [lifecycle_manager_nav2]: Server keepout_filter_mask_server connected with bond.
[lifecycle_manager-25] [INFO] [1790776682.426699334] [lifecycle_manager_nav2]: [34m[1mActivating keepout_costmap_filter_info_server[0m[0m
[costmap_filter_info_server-11] [INFO] [1790776682.427322918] [keepout_costmap_filter_info_server]: Activating
[costmap_filter_info_server-11] [INFO] [1790776682.427574352] [keepout_costmap_filter_info_server]: Creating bond (keepout_costmap_filter_info_server) to lifecycle manager.
[lifecycle_manager-25] [INFO] [1790776682.688734979] [lifecycle_manager_nav2]: Server keepout_costmap_filter_info_server connected with bond.
[lifecycle_manager-25] [INFO] [1790776682.688825191] [lifecycle_manager_nav2]: [34m[1mActivating speed_filter_mask_server[0m[0m
[map_server-12] [INFO] [1790776682.689591722] [speed_filter_mask_server]: Activating
[map_server-12] [INFO] [1790776682.690169253] [speed_filter_mask_server]: Creating bond (speed_filter_mask_server) to lifecycle manager.
[lifecycle_manager-25] [INFO] [1790776682.950309382] [lifecycle_manager_nav2]: Server speed_filter_mask_server connected with bond.
[lifecycle_manager-25] [INFO] [1790776682.950400870] [lifecycle_manager_nav2]: [34m[1mActivating speed_costmap_filter_info_server[0m[0m
[costmap_filter_info_server-13] [INFO] [1790776682.951198916] [speed_costmap_filter_info_server]: Activating
[costmap_filter_info_server-13] [INFO] [1790776682.951351987] [speed_costmap_filter_info_server]: Creating bond (speed_costmap_filter_info_server) to lifecycle manager.
[lifecycle_manager-25] [INFO] [1790776683.212324049] [lifecycle_manager_nav2]: Server speed_costmap_filter_info_server connected with bond.
[lifecycle_manager-25] [INFO] [1790776683.212414838] [lifecycle_manager_nav2]: [34m[1mActivating controller_server[0m[0m
[controller_server-14] [INFO] [1790776683.213090460] [controller_server]: Activating
[controller_server-14] [INFO] [1790776683.213147882] [local_costmap.local_costmap]: Activating
[controller_server-14] [INFO] [1790776683.213157743] [local_costmap.local_costmap]: Checking transform
[controller_server-14] [INFO] [1790776683.213215476] [local_costmap.local_costmap]: Timed out waiting for transform from base_link to odom to become available, tf error: Invalid frame ID "odom" passed to canTransform argument target_frame - frame does not exist
[controller_server-14] [INFO] [1790776683.713291335] [local_costmap.local_costmap]: Timed out waiting for transform from base_link to odom to become available, tf error: Invalid frame ID "odom" passed to canTransform argument target_frame - frame does not exist
[controller_server-14] [INFO] [1790776684.213275918] [local_costmap.local_costmap]: Timed out waiting for transform from base_link to odom to become available, tf error: Invalid frame ID "odom" passed to canTransform argument target_frame - frame does not exist
[controller_server-14] [INFO] [1790776684.713280091] [local_costmap.local_costmap]: Timed out waiting for transform from base_link to odom to become available, tf error: Invalid frame ID "odom" passed to canTransform argument target_frame - frame does not exist
[controller_server-14] [INFO] [1790776685.213280322] [local_costmap.local_costmap]: Timed out waiting for transform from base_link to odom to become available, tf error: Invalid frame ID "odom" passed to canTransform argument target_frame - frame does not exist
[controller_server-14] [INFO] [1790776685.713348078] [local_costmap.local_costmap]: Timed out waiting for transform from base_link to odom to become available, tf error: Invalid frame ID "odom" passed to canTransform argument target_frame - frame does not exist
[create-5] [INFO] [1790776685.790206029] [ros_gz_sim]: Requesting list of world names.
[controller_server-14] [INFO] [1790776686.213273466] [local_costmap.local_costmap]: Timed out waiting for transform from base_link to odom to become available, tf error: Invalid frame ID "odom" passed to canTransform argument target_frame - frame does not exist
[controller_server-14] [INFO] [1790776686.713275190] [local_costmap.local_costmap]: Timed out waiting for transform from base_link to odom to become available, tf error: Invalid frame ID "odom" passed to canTransform argument target_frame - frame does not exist
[controller_server-14] [INFO] [1790776687.213275079] [local_costmap.local_costmap]: Timed out waiting for transform from base_link to odom to become available, tf error: Invalid frame ID "odom" passed to canTransform argument target_frame - frame does not exist
[controller_server-14] [INFO] [1790776687.713347106] [local_costmap.local_costmap]: Timed out waiting for transform from base_link to odom to become available, tf error: Invalid frame ID "odom" passed to canTransform argument target_frame - frame does not exist
[controller_server-14] [INFO] [1790776688.213276402] [local_costmap.local_costmap]: Timed out waiting for transform from base_link to odom to become available, tf error: Invalid frame ID "odom" passed to canTransform argument target_frame - frame does not exist
[controller_server-14] [INFO] [1790776688.713275421] [local_costmap.local_costmap]: Timed out waiting for transform from base_link to odom to become available, tf error: Invalid frame ID "odom" passed to canTransform argument target_frame - frame does not exist
[controller_server-14] [INFO] [1790776689.213273510] [local_costmap.local_costmap]: Timed out waiting for transform from base_link to odom to become available, tf error: Invalid frame ID "odom" passed to canTransform argument target_frame - frame does not exist
[controller_server-14] [INFO] [1790776689.713283610] [local_costmap.local_costmap]: Timed out waiting for transform from base_link to odom to become available, tf error: Invalid frame ID "odom" passed to canTransform argument target_frame - frame does not exist
[controller_server-14] [INFO] [1790776690.213273912] [local_costmap.local_costmap]: Timed out waiting for transform from base_link to odom to become available, tf error: Invalid frame ID "odom" passed to canTransform argument target_frame - frame does not exist
[controller_server-14] [INFO] [1790776690.713275476] [local_costmap.local_costmap]: Timed out waiting for transform from base_link to odom to become available, tf error: Invalid frame ID "odom" passed to canTransform argument target_frame - frame does not exist
[create-5] [INFO] [1790776690.790469809] [ros_gz_sim]: Requesting list of world names.
[controller_server-14] [INFO] [1790776691.213276926] [local_costmap.local_costmap]: Timed out waiting for transform from base_link to odom to become available, tf error: Invalid frame ID "odom" passed to canTransform argument target_frame - frame does not exist
[controller_server-14] [INFO] [1790776691.713278297] [local_costmap.local_costmap]: Timed out waiting for transform from base_link to odom to become available, tf error: Invalid frame ID "odom" passed to canTransform argument target_frame - frame does not exist
[controller_server-14] [INFO] [1790776692.213276987] [local_costmap.local_costmap]: Timed out waiting for transform from base_link to odom to become available, tf error: Invalid frame ID "odom" passed to canTransform argument target_frame - frame does not exist
[controller_server-14] [INFO] [1790776692.713272727] [local_costmap.local_costmap]: Timed out waiting for transform from base_link to odom to become available, tf error: Invalid frame ID "odom" passed to canTransform argument target_frame - frame does not exist
[controller_server-14] [INFO] [1790776693.213272468] [local_costmap.local_costmap]: Timed out waiting for transform from base_link to odom to become available, tf error: Invalid frame ID "odom" passed to canTransform argument target_frame - frame does not exist
[controller_server-14] [INFO] [1790776693.713270910] [local_costmap.local_costmap]: Timed out waiting for transform from base_link to odom to become available, tf error: Invalid frame ID "odom" passed to canTransform argument target_frame - frame does not exist
[controller_server-14] [INFO] [1790776694.213274262] [local_costmap.local_costmap]: Timed out waiting for transform from base_link to odom to become available, tf error: Invalid frame ID "odom" passed to canTransform argument target_frame - frame does not exist
[controller_server-14] [INFO] [1790776694.713276851] [local_costmap.local_costmap]: Timed out waiting for transform from base_link to odom to become available, tf error: Invalid frame ID "odom" passed to canTransform argument target_frame - frame does not exist
[controller_server-14] [INFO] [1790776695.213267253] [local_costmap.local_costmap]: Timed out waiting for transform from base_link to odom to become available, tf error: Invalid frame ID "odom" passed to canTransform argument target_frame - frame does not exist
[controller_server-14] [INFO] [1790776695.713284489] [local_costmap.local_costmap]: Timed out waiting for transform from base_link to odom to become available, tf error: Invalid frame ID "odom" passed to canTransform argument target_frame - frame does not exist
[create-5] [INFO] [1790776695.790852655] [ros_gz_sim]: Requesting list of world names.
[controller_server-14] [INFO] [1790776696.213259915] [local_costmap.local_costmap]: Timed out waiting for transform from base_link to odom to become available, tf error: Invalid frame ID "odom" passed to canTransform argument target_frame - frame does not exist
[controller_server-14] [INFO] [1790776696.713368456] [local_costmap.local_costmap]: Timed out waiting for transform from base_link to odom to become available, tf error: Invalid frame ID "odom" passed to canTransform argument target_frame - frame does not exist
[controller_server-14] [INFO] [1790776697.213374930] [local_costmap.local_costmap]: Timed out waiting for transform from base_link to odom to become available, tf error: Invalid frame ID "odom" passed to canTransform argument target_frame - frame does not exist
[controller_server-14] [INFO] [1790776697.713299297] [local_costmap.local_costmap]: Timed out waiting for transform from base_link to odom to become available, tf error: Invalid frame ID "odom" passed to canTransform argument target_frame - frame does not exist
[controller_server-14] [INFO] [1790776698.213282454] [local_costmap.local_costmap]: Timed out waiting for transform from base_link to odom to become available, tf error: Invalid frame ID "odom" passed to canTransform argument target_frame - frame does not exist
[controller_server-14] [INFO] [1790776698.713375669] [local_costmap.local_costmap]: Timed out waiting for transform from base_link to odom to become available, tf error: Invalid frame ID "odom" passed to canTransform argument target_frame - frame does not exist
[controller_server-14] [INFO] [1790776699.213288980] [local_costmap.local_costmap]: Timed out waiting for transform from base_link to odom to become available, tf error: Invalid frame ID "odom" passed to canTransform argument target_frame - frame does not exist
[controller_server-14] [INFO] [1790776699.713294530] [local_costmap.local_costmap]: Timed out waiting for transform from base_link to odom to become available, tf error: Invalid frame ID "odom" passed to canTransform argument target_frame - frame does not exist
[controller_server-14] [INFO] [1790776700.213291828] [local_costmap.local_costmap]: Timed out waiting for transform from base_link to odom to become available, tf error: Invalid frame ID "odom" passed to canTransform argument target_frame - frame does not exist
[controller_server-14] [INFO] [1790776700.713365669] [local_costmap.local_costmap]: Timed out waiting for transform from base_link to odom to become available, tf error: Invalid frame ID "odom" passed to canTransform argument target_frame - frame does not exist
[create-5] [INFO] [1790776700.791252610] [ros_gz_sim]: Requesting list of world names.
[controller_server-14] [INFO] [1790776701.213282995] [local_costmap.local_costmap]: Timed out waiting for transform from base_link to odom to become available, tf error: Invalid frame ID "odom" passed to canTransform argument target_frame - frame does not exist
[controller_server-14] [INFO] [1790776701.713371530] [local_costmap.local_costmap]: Timed out waiting for transform from base_link to odom to become available, tf error: Invalid frame ID "odom" passed to canTransform argument target_frame - frame does not exist
[controller_server-14] [INFO] [1790776702.213256403] [local_costmap.local_costmap]: Timed out waiting for transform from base_link to odom to become available, tf error: Invalid frame ID "odom" passed to canTransform argument target_frame - frame does not exist
[controller_server-14] [INFO] [1790776702.713295011] [local_costmap.local_costmap]: Timed out waiting for transform from base_link to odom to become available, tf error: Invalid frame ID "odom" passed to canTransform argument target_frame - frame does not exist
[controller_server-14] [INFO] [1790776703.213296025] [local_costmap.local_costmap]: Timed out waiting for transform from base_link to odom to become available, tf error: Invalid frame ID "odom" passed to canTransform argument target_frame - frame does not exist
[controller_server-14] [INFO] [1790776703.713288066] [local_costmap.local_costmap]: Timed out waiting for transform from base_link to odom to become available, tf error: Invalid frame ID "odom" passed to canTransform argument target_frame - frame does not exist
[controller_server-14] [INFO] [1790776704.213296056] [local_costmap.local_costmap]: Timed out waiting for transform from base_link to odom to become available, tf error: Invalid frame ID "odom" passed to canTransform argument target_frame - frame does not exist
[controller_server-14] [INFO] [1790776704.713293070] [local_costmap.local_costmap]: Timed out waiting for transform from base_link to odom to become available, tf error: Invalid frame ID "odom" passed to canTransform argument target_frame - frame does not exist
[controller_server-14] [INFO] [1790776705.213387704] [local_costmap.local_costmap]: Timed out waiting for transform from base_link to odom to become available, tf error: Invalid frame ID "odom" passed to canTransform argument target_frame - frame does not exist
[controller_server-14] [INFO] [1790776705.713297484] [local_costmap.local_costmap]: Timed out waiting for transform from base_link to odom to become available, tf error: Invalid frame ID "odom" passed to canTransform argument target_frame - frame does not exist
[create-5] [INFO] [1790776705.791527603] [ros_gz_sim]: Requesting list of world names.
[controller_server-14] [INFO] [1790776706.213369532] [local_costmap.local_costmap]: Timed out waiting for transform from base_link to odom to become available, tf error: Invalid frame ID "odom" passed to canTransform argument target_frame - frame does not exist
[controller_server-14] [INFO] [1790776706.713255978] [local_costmap.local_costmap]: Timed out waiting for transform from base_link to odom to become available, tf error: Invalid frame ID "odom" passed to canTransform argument target_frame - frame does not exist
[create-5] [INFO] [1790776707.050857187] [ros_gz_sim]: Waiting messages on topic [robot_description].
[create-5] [INFO] [1790776707.064154882] [ros_gz_sim]: Entity creation successful.
[gz-6] [1;33mWarning [Utils.cc:132][0m [/sdf/model[@name="turtlebot4"]/link[@name="rplidar_link"]/sensor[@name="rplidar"]/gz_frame_id:<urdf-string>:L0]: XML Element[gz_frame_id], child of element[sensor], not defined in SDF. Copying[gz_frame_id] as children of [sensor].
[INFO] [create-5]: process has finished cleanly [pid 85]
[controller_server-14] [INFO] [1790776707.213250703] [local_costmap.local_costmap]: Timed out waiting for transform from base_link to odom to become available, tf error: Invalid frame ID "odom" passed to canTransform argument target_frame - frame does not exist
[gz-6] libEGL warning: pci id for fd 54: 10de:2684, driver (null)
[gz-6] 
[gz-6] pci id for fd 56: 10de:2684, driver (null)
[gz-6] pci id for fd 57: 10de:2684, driver (null)
[gz-6] libEGL warning: egl: failed to create dri2 screen
[gz-6] libEGL warning: pci id for fd 54: 10de:2684, driver (null)
[gz-6] 
[gz-6] pci id for fd 56: 10de:2684, driver (null)
[gz-6] pci id for fd 57: 10de:2684, driver (null)
[gz-6] libEGL warning: egl: failed to create dri2 screen
[gz-6] libEGL warning: pci id for fd 54: 10de:2684, driver (null)
[gz-6] 
[controller_server-14] [INFO] [1790776707.713325478] [local_costmap.local_costmap]: Timed out waiting for transform from base_link to odom to become available, tf error: Invalid frame ID "odom" passed to canTransform argument target_frame - frame does not exist
[controller_server-14] [INFO] [1790776708.213305931] [local_costmap.local_costmap]: Timed out waiting for transform from base_link to odom to become available, tf error: Invalid frame ID "odom" passed to canTransform argument target_frame - frame does not exist
[controller_server-14] [INFO] [1790776708.713299639] [local_costmap.local_costmap]: Timed out waiting for transform from base_link to odom to become available, tf error: Invalid frame ID "odom" passed to canTransform argument target_frame - frame does not exist
[controller_server-14] [INFO] [1790776709.213292078] [local_costmap.local_costmap]: Timed out waiting for transform from base_link to odom to become available, tf error: Invalid frame ID "odom" passed to canTransform argument target_frame - frame does not exist
[controller_server-14] [INFO] [1790776709.713309281] [local_costmap.local_costmap]: Timed out waiting for transform from base_link to odom to become available, tf error: Invalid frame ID "odom" passed to canTransform argument target_frame - frame does not exist
[controller_server-14] [INFO] [1790776710.213255355] [local_costmap.local_costmap]: Timed out waiting for transform from base_link to odom to become available, tf error: Invalid frame ID "odom" passed to canTransform argument target_frame - frame does not exist
[controller_server-14] [INFO] [1790776710.713251743] [local_costmap.local_costmap]: Timed out waiting for transform from base_link to odom to become available, tf error: Invalid frame ID "odom" passed to canTransform argument target_frame - frame does not exist
[amcl-9] [INFO] [1790776711.128090115] [amcl]: createLaserObject
[controller_server-14] [INFO] [1790776711.213436334] [local_costmap.local_costmap]: start
[controller_server-14] [INFO] [1790776711.215712205] [local_costmap.local_costmap]: KeepoutFilter: Subscribing to "/keepout_costmap_filter_info" topic for filter info...
[controller_server-14] [INFO] [1790776711.229544799] [local_costmap.local_costmap]: KeepoutFilter: Received filter info from /keepout_costmap_filter_info topic.
[controller_server-14] [INFO] [1790776711.229612384] [local_costmap.local_costmap]: KeepoutFilter: Subscribing to "/keepout_filter_mask" topic for filter mask...
[controller_server-14] [INFO] [1790776711.243224580] [local_costmap.local_costmap]: KeepoutFilter: Received filter mask from /keepout_filter_mask topic.
[controller_server-14] [INFO] [1790776711.520570366] [MPPIController]: Activated MPPI Controller: FollowPath
[controller_server-14] [INFO] [1790776711.523370409] [controller_server]: Creating bond (controller_server) to lifecycle manager.
[lifecycle_manager-25] [INFO] [1790776711.782805725] [lifecycle_manager_nav2]: Server controller_server connected with bond.
[lifecycle_manager-25] [INFO] [1790776711.782881486] [lifecycle_manager_nav2]: [34m[1mActivating smoother_server[0m[0m
[smoother_server-15] [INFO] [1790776711.783437030] [smoother_server]: Activating
[smoother_server-15] [INFO] [1790776711.783521529] [smoother_server]: Creating bond (smoother_server) to lifecycle manager.
[lifecycle_manager-25] [INFO] [1790776712.045857019] [lifecycle_manager_nav2]: Server smoother_server connected with bond.
[lifecycle_manager-25] [INFO] [1790776712.045913389] [lifecycle_manager_nav2]: [34m[1mActivating planner_server[0m[0m
[planner_server-16] [INFO] [1790776712.046721599] [planner_server]: Activating
[planner_server-16] [INFO] [1790776712.046821797] [global_costmap.global_costmap]: Activating
[planner_server-16] [INFO] [1790776712.046849667] [global_costmap.global_costmap]: Checking transform
[planner_server-16] [INFO] [1790776712.046931624] [global_costmap.global_costmap]: Timed out waiting for transform from base_link to map to become available, tf error: Invalid frame ID "map" passed to canTransform argument target_frame - frame does not exist
[amcl-9] [INFO] [1790776712.194266662] [amcl]: initialPoseReceived
[amcl-9] [WARN] [1790776712.194347406] [amcl]: Failed to transform initial pose in time (Lookup would require extrapolation into the future.  Requested time 1.269000 but the latest data is at time 1.260000, when looking up transform from frame [base_footprint] to frame [odom])
[amcl-9] [INFO] [1790776712.194362231] [amcl]: Setting pose (1.269000): 7.190 7.850 0.000
[planner_server-16] [INFO] [1790776712.547102122] [global_costmap.global_costmap]: Timed out waiting for transform from base_link to map to become available, tf error: Lookup would require extrapolation into the past.  Requested time 1.620000 but the earliest data is at time 2.302000, when looking up transform from frame [base_link] to frame [map]
[controller_server-14] [ERROR] [1790776712.925986023] [local_costmap.local_costmap]: CostmapFilter: failed to get costmap frame (odom) transformation to mask frame (map) with error: Lookup would require extrapolation into the past.  Requested time 1.890000 but the earliest data is at time 2.302000, when looking up transform from frame [odom] to frame [map]
[planner_server-16] [INFO] [1790776713.046998690] [global_costmap.global_costmap]: Timed out waiting for transform from base_link to map to become available, tf error: Lookup would require extrapolation into the past.  Requested time 2.088000 but the earliest data is at time 2.302000, when looking up transform from frame [base_link] to frame [map]
[planner_server-16] [INFO] [1790776713.547028230] [global_costmap.global_costmap]: start
[planner_server-16] [INFO] [1790776713.548217744] [global_costmap.global_costmap]: KeepoutFilter: Subscribing to "/keepout_costmap_filter_info" topic for filter info...
[planner_server-16] [INFO] [1790776713.550440371] [global_costmap.global_costmap]: SpeedFilter: Subscribing to "/speed_costmap_filter_info" topic for filter info...
[planner_server-16] [INFO] [1790776713.559864648] [global_costmap.global_costmap]: KeepoutFilter: Received filter info from /keepout_costmap_filter_info topic.
[planner_server-16] [INFO] [1790776713.559895385] [global_costmap.global_costmap]: KeepoutFilter: Subscribing to "/keepout_filter_mask" topic for filter mask...
[planner_server-16] [INFO] [1790776713.561534264] [global_costmap.global_costmap]: SpeedFilter: Received filter info from /speed_costmap_filter_info topic.
[planner_server-16] [INFO] [1790776713.561560876] [global_costmap.global_costmap]: SpeedFilter: Using expressed in a percent from maximum speedspeed_limit = 100.000000 + filter_mask_data * -1.000000
[planner_server-16] [INFO] [1790776713.561572888] [global_costmap.global_costmap]: SpeedFilter: Subscribing to "/speed_filter_mask" topic for filter mask...
[planner_server-16] [INFO] [1790776713.571938962] [global_costmap.global_costmap]: KeepoutFilter: Received filter mask from /keepout_filter_mask topic.
[planner_server-16] [INFO] [1790776713.573649583] [global_costmap.global_costmap]: SpeedFilter: Received filter mask from /speed_filter_mask topic.
[planner_server-16] [INFO] [1790776714.602716149] [planner_server]: Activating plugin GridBased of type NavfnPlanner
[planner_server-16] [INFO] [1790776714.604681995] [planner_server]: Creating bond (planner_server) to lifecycle manager.
[lifecycle_manager-25] [INFO] [1790776714.863850039] [lifecycle_manager_nav2]: Server planner_server connected with bond.
[lifecycle_manager-25] [INFO] [1790776714.863907402] [lifecycle_manager_nav2]: [34m[1mActivating route_server[0m[0m
[route_server-17] [INFO] [1790776714.864456244] [route_server]: Activating
[route_server-17] [INFO] [1790776714.865179493] [route_server]: Creating bond (route_server) to lifecycle manager.
[lifecycle_manager-25] [INFO] [1790776715.125377986] [lifecycle_manager_nav2]: Server route_server connected with bond.
[lifecycle_manager-25] [INFO] [1790776715.125440598] [lifecycle_manager_nav2]: [34m[1mActivating behavior_server[0m[0m
[behavior_server-18] [INFO] [1790776715.126021896] [behavior_server]: Activating
[behavior_server-18] [INFO] [1790776715.126075779] [behavior_server]: Activating spin
[behavior_server-18] [INFO] [1790776715.126095299] [behavior_server]: Activating backup
[behavior_server-18] [INFO] [1790776715.126110017] [behavior_server]: Activating drive_on_heading
[behavior_server-18] [INFO] [1790776715.126122780] [behavior_server]: Activating assisted_teleop
[behavior_server-18] [INFO] [1790776715.126134217] [behavior_server]: Activating wait
[behavior_server-18] [INFO] [1790776715.126149463] [behavior_server]: Creating bond (behavior_server) to lifecycle manager.
[lifecycle_manager-25] [INFO] [1790776715.388850716] [lifecycle_manager_nav2]: Server behavior_server connected with bond.
[lifecycle_manager-25] [INFO] [1790776715.388928619] [lifecycle_manager_nav2]: [34m[1mActivating velocity_smoother[0m[0m
[velocity_smoother-21] [INFO] [1790776715.389568560] [velocity_smoother]: Activating
[velocity_smoother-21] [INFO] [1790776715.389683095] [velocity_smoother]: Creating bond (velocity_smoother) to lifecycle manager.
[lifecycle_manager-25] [INFO] [1790776715.652115304] [lifecycle_manager_nav2]: Server velocity_smoother connected with bond.
[lifecycle_manager-25] [INFO] [1790776715.652169852] [lifecycle_manager_nav2]: [34m[1mActivating collision_monitor[0m[0m
[collision_monitor-22] [INFO] [1790776715.652678013] [collision_monitor]: Activating
[collision_monitor-22] [INFO] [1790776715.652739496] [collision_monitor]: Creating bond (collision_monitor) to lifecycle manager.
[lifecycle_manager-25] [INFO] [1790776715.911763841] [lifecycle_manager_nav2]: Server collision_monitor connected with bond.
[lifecycle_manager-25] [INFO] [1790776715.911817265] [lifecycle_manager_nav2]: [34m[1mActivating bt_navigator[0m[0m
[bt_navigator-19] [INFO] [1790776715.912255083] [bt_navigator]: Activating
[bt_navigator-19] [INFO] [1790776715.964354817] [bt_navigator]: Created BT from ID: NavigateToPoseWReplanningAndRecovery
[bt_navigator-19] [INFO] [1790776715.979058254] [bt_navigator]: Created BT from ID: NavigateThroughPosesWReplanningAndRecovery
[bt_navigator-19] [INFO] [1790776715.979636621] [bt_navigator]: Creating bond (bt_navigator) to lifecycle manager.
[lifecycle_manager-25] [INFO] [1790776716.232509325] [lifecycle_manager_nav2]: Server bt_navigator connected with bond.
[lifecycle_manager-25] [INFO] [1790776716.232571955] [lifecycle_manager_nav2]: [34m[1mActivating waypoint_follower[0m[0m
[waypoint_follower-20] [INFO] [1790776716.233172806] [waypoint_follower]: Activating
[waypoint_follower-20] [INFO] [1790776716.233212336] [waypoint_follower]: Creating bond (waypoint_follower) to lifecycle manager.
[lifecycle_manager-25] [INFO] [1790776716.498435750] [lifecycle_manager_nav2]: Server waypoint_follower connected with bond.
[lifecycle_manager-25] [INFO] [1790776716.498475362] [lifecycle_manager_nav2]: [34m[1mActivating docking_server[0m[0m
[opennav_docking-23] [INFO] [1790776716.498789944] [docking_server]: Activating docking_server
[opennav_docking-23] [INFO] [1790776716.505692746] [docking_server]: Creating bond (docking_server) to lifecycle manager.
[lifecycle_manager-25] [INFO] [1790776716.760316343] [lifecycle_manager_nav2]: Server docking_server connected with bond.
[lifecycle_manager-25] [INFO] [1790776716.760389216] [lifecycle_manager_nav2]: [34m[1mActivating following_server[0m[0m
[opennav_following-24] [INFO] [1790776716.760949957] [following_server]: Activating following_server
[opennav_following-24] [INFO] [1790776716.767257459] [following_server]: Creating bond (following_server) to lifecycle manager.
[lifecycle_manager-25] [INFO] [1790776717.030882694] [lifecycle_manager_nav2]: Server following_server connected with bond.
[lifecycle_manager-25] [INFO] [1790776717.030962208] [lifecycle_manager_nav2]: [34m[1mManaged nodes are active[0m[0m
[lifecycle_manager-25] [INFO] [1790776717.031008171] [lifecycle_manager_nav2]: [34m[1mCreating bond timer...[0m[0m
[bt_navigator-19] [INFO] [1790776726.982745556] [bt_navigator]: Begin navigating from current location (7.21, 7.87) to (12.00, 7.85)
[planner_server-16] [INFO] [1790776726.985422529] [planner_server]: Computing path to goal.
[controller_server-14] [WARN] [1790776727.003536485] [controller_server]: No goal checker was specified in parameter 'current_goal_checker'. Server will use only plugin loaded general_goal_checker . This warning will appear once.
[controller_server-14] [WARN] [1790776727.003617288] [controller_server]: No progress checker was specified in parameter 'current_progress_checker'. Server will use only plugin loaded progress_checker . This warning will appear once.
[controller_server-14] [WARN] [1790776727.003639095] [controller_server]: No path handler was specified in parameter 'current_path_handler'. Server will use only plugin loaded PathHandler . This warning will appear once.
[controller_server-14] [INFO] [1790776727.004073987] [controller_server]: Received a goal, begin computing control effort.
[parameter_bridge-2] [INFO] [1790776727.068753019] [bridge_ros_gz]: Passing message from ROS geometry_msgs/msg/Twist to Gazebo gz.msgs.Twist (showing msg only once per type)
[planner_server-16] [INFO] [1790776728.013959497] [planner_server]: Computing path to goal.
[controller_server-14] [INFO] [1790776728.051949078] [controller_server]: Passing new path to controller.
[planner_server-16] [INFO] [1790776729.034302373] [planner_server]: Computing path to goal.
[controller_server-14] [INFO] [1790776729.053962920] [controller_server]: Passing new path to controller.
[controller_server-14] [INFO] [1790776737.702953685] [controller_server]: Reached the goal!
[controller_server-14] [INFO] [1790776737.703905421] [controller_server]: Optimizer reset
[bt_navigator-19] [INFO] [1790776737.722083687] [bt_navigator]: Goal succeeded
