[INFO] [launch]: All log files can be found below /root/.ros/log/2026-09-30-12-54-42-472845-HUGO-AI-1
[INFO] [launch]: Default logging verbosity is set to INFO
[INFO] [robot_state_publisher-1]: process started with pid [51]
[INFO] [loopback_simulator-2]: process started with pid [52]
[INFO] [rviz2-3]: process started with pid [53]
[INFO] [component_container-4]: process started with pid [54]
[robot_state_publisher-1] [INFO] [1790772883.172619995] [robot_state_publisher]: Robot initialized
[loopback_simulator-2] [INFO] [1790772883.174376107] [loopback_simulator]: 
[loopback_simulator-2] 	loopback_simulator lifecycle node launched. 
[loopback_simulator-2] 	Waiting on external lifecycle transitions to activate
[loopback_simulator-2] 	See https://design.ros2.org/articles/node_lifecycle.html for more information.
[rviz2-3] QStandardPaths: XDG_RUNTIME_DIR not set, defaulting to '/tmp/runtime-root'
[component_container-4] [INFO] [1790772883.345096073] [nav2_container]: Load Library: /opt/overlay_ws/install/nav2_map_server/lib/libmap_server_core.so
[component_container-4] [INFO] [1790772883.380100594] [nav2_container]: Found class: rclcpp_components::NodeFactoryTemplate<nav2_map_server::CostmapFilterInfoServer>
[component_container-4] [INFO] [1790772883.380124753] [nav2_container]: Found class: rclcpp_components::NodeFactoryTemplate<nav2_map_server::MapSaver>
[component_container-4] [INFO] [1790772883.380127708] [nav2_container]: Found class: rclcpp_components::NodeFactoryTemplate<nav2_map_server::MapServer>
[component_container-4] [INFO] [1790772883.380130070] [nav2_container]: Instantiate class: rclcpp_components::NodeFactoryTemplate<nav2_map_server::MapServer>
[component_container-4] [INFO] [1790772883.384040777] [map_server]: 
[INFO] [launch_ros.actions.load_composable_nodes]: Loaded node '/map_server' in container '/nav2_container'
[component_container-4] 	map_server lifecycle node launched. 
[component_container-4] 	Waiting on external lifecycle transitions to activate
[component_container-4] 	See https://design.ros2.org/articles/node_lifecycle.html for more information.
[component_container-4] [INFO] [1790772883.384052803] [map_server]: Creating
[component_container-4] [INFO] [1790772883.384315397] [nav2_container]: Load Library: /opt/overlay_ws/install/nav2_controller/lib/libcontroller_server_core.so
[loopback_simulator-2] [INFO] [1790772883.384850701] [loopback_simulator]: Configuring
[component_container-4] [INFO] [1790772883.387842715] [nav2_container]: Found class: rclcpp_components::NodeFactoryTemplate<nav2_controller::ControllerServer>
[component_container-4] [INFO] [1790772883.387852330] [nav2_container]: Instantiate class: rclcpp_components::NodeFactoryTemplate<nav2_controller::ControllerServer>
[component_container-4] [INFO] [1790772883.390499208] [controller_server]: 
[component_container-4] 	controller_server lifecycle node launched. 
[component_container-4] 	Waiting on external lifecycle transitions to activate
[component_container-4] 	See https://design.ros2.org/articles/node_lifecycle.html for more information.
[loopback_simulator-2] [INFO] [1790772883.390905389] [loopback_simulator]: Activating
[loopback_simulator-2] [INFO] [1790772883.390929612] [loopback_simulator]: Sim clock publisher started (resolution: 0.010s, speed: 1.00x)
[loopback_simulator-2] [INFO] [1790772883.390934501] [loopback_simulator]: Creating bond (loopback_simulator) to lifecycle manager.
[loopback_simulator-2] [INFO] [1790772883.391635320] [loopback_simulator]: Loopback simulator activated
[component_container-4] [INFO] [1790772883.396434786] [controller_server]: Creating controller server
[component_container-4] [INFO] [1790772883.399020508] [local_costmap.local_costmap]: 
[component_container-4] 	local_costmap lifecycle node launched. 
[component_container-4] 	Waiting on external lifecycle transitions to activate
[component_container-4] 	See https://design.ros2.org/articles/node_lifecycle.html for more information.
[component_container-4] [INFO] [1790772883.399551362] [local_costmap.local_costmap]: Creating Costmap
[component_container-4] [INFO] [1790772883.399825223] [nav2_container]: Load Library: /opt/overlay_ws/install/nav2_lifecycle_manager/lib/libnav2_lifecycle_manager_core.so
[INFO] [launch_ros.actions.load_composable_nodes]: Loaded node '/controller_server' in container '/nav2_container'
[component_container-4] [INFO] [1790772883.401106802] [nav2_container]: Found class: rclcpp_components::NodeFactoryTemplate<nav2_lifecycle_manager::LifecycleManager>
[component_container-4] [INFO] [1790772883.401116072] [nav2_container]: Instantiate class: rclcpp_components::NodeFactoryTemplate<nav2_lifecycle_manager::LifecycleManager>
[component_container-4] [INFO] [1790772883.404051869] [lifecycle_manager_nav2]: Creating
[component_container-4] [INFO] [1790772883.404243225] [lifecycle_manager_nav2]: [34m[1mCreating and initializing lifecycle publishers[0m[0m
[INFO] [launch_ros.actions.load_composable_nodes]: Loaded node '/lifecycle_manager_nav2' in container '/nav2_container'
[component_container-4] [INFO] [1790772883.404514844] [lifecycle_manager_nav2]: [34m[1mCreating and initializing lifecycle service clients[0m[0m
[rviz2-3] [INFO] [1790772883.641266245] [rviz2]: Stereo is NOT SUPPORTED
[rviz2-3] [INFO] [1790772883.641299120] [rviz2]: OpenGl version: 4.5 (GLSL 4.5)
[rviz2-3] [INFO] [1790772883.665580678] [rviz2]: Stereo is NOT SUPPORTED
[rviz2-3] [INFO] [1790772883.738273799] [rviz]: Subscribing to: /mobile_base/sensors/bumper_pointcloud
[rviz2-3] 
[rviz2-3] [INFO] [1790772883.738498532] [rviz]: Subscribing to: /mobile_base/sensors/bumper_pointcloud
[rviz2-3] 
[loopback_simulator-2] [WARN] [1790772883.742405132] [loopback_simulator]: New subscription discovered on topic '/scan', requesting incompatible QoS. No messages will be sent to it. Last incompatible policy: RELIABILITY_QOS_POLICY
[rviz2-3] [INFO] [1790772883.748942787] [rviz]: Subscribing to: /global_costmap/voxel_marked_cloud
[rviz2-3] 
[rviz2-3] [INFO] [1790772883.751648123] [rviz]: Subscribing to: /local_costmap/voxel_marked_cloud
[rviz2-3] 
[rviz2-3] [INFO] [1790772883.761125998] [rviz]: Subscribing to: /mobile_base/sensors/bumper_pointcloud
[rviz2-3] 
[rviz2-3] [INFO] [1790772883.762597150] [rviz]: Subscribing to: /global_costmap/voxel_marked_cloud
[rviz2-3] 
[rviz2-3] [INFO] [1790772883.763517659] [rviz]: Subscribing to: /local_costmap/voxel_marked_cloud
[rviz2-3] 
[rviz2-3] [INFO] [1790772883.785467484] [nav2_rviz_selector_node]: Trying to load plugins...
[component_container-4] [INFO] [1790772885.405694200] [lifecycle_manager_nav2]: Waiting for service smoother_server/get_state...
[component_container-4] [INFO] [1790772887.405952528] [lifecycle_manager_nav2]: Waiting for service smoother_server/get_state...
[component_container-4] [INFO] [1790772889.406184870] [lifecycle_manager_nav2]: Waiting for service smoother_server/get_state...
[component_container-4] [INFO] [1790772891.406414111] [lifecycle_manager_nav2]: Waiting for service smoother_server/get_state...
[component_container-4] [INFO] [1790772893.406655989] [lifecycle_manager_nav2]: Waiting for service smoother_server/get_state...
[component_container-4] [INFO] [1790772895.406865307] [lifecycle_manager_nav2]: Waiting for service smoother_server/get_state...
[component_container-4] [INFO] [1790772897.407075505] [lifecycle_manager_nav2]: Waiting for service smoother_server/get_state...
[component_container-4] [INFO] [1790772899.407307300] [lifecycle_manager_nav2]: Waiting for service smoother_server/get_state...
[component_container-4] [INFO] [1790772901.407553509] [lifecycle_manager_nav2]: Waiting for service smoother_server/get_state...
[component_container-4] [INFO] [1790772903.407755822] [lifecycle_manager_nav2]: Waiting for service smoother_server/get_state...
[component_container-4] [INFO] [1790772905.407963832] [lifecycle_manager_nav2]: Waiting for service smoother_server/get_state...
[component_container-4] [INFO] [1790772907.408192968] [lifecycle_manager_nav2]: Waiting for service smoother_server/get_state...
[component_container-4] [INFO] [1790772909.408505021] [lifecycle_manager_nav2]: Waiting for service smoother_server/get_state...
[component_container-4] [INFO] [1790772911.408767608] [lifecycle_manager_nav2]: Waiting for service smoother_server/get_state...
[component_container-4] [INFO] [1790772913.408991329] [lifecycle_manager_nav2]: Waiting for service smoother_server/get_state...
[component_container-4] [INFO] [1790772915.409306998] [lifecycle_manager_nav2]: Waiting for service smoother_server/get_state...
[component_container-4] [INFO] [1790772917.409589445] [lifecycle_manager_nav2]: Waiting for service smoother_server/get_state...
[component_container-4] [INFO] [1790772919.409827038] [lifecycle_manager_nav2]: Waiting for service smoother_server/get_state...
[component_container-4] [INFO] [1790772921.410039723] [lifecycle_manager_nav2]: Waiting for service smoother_server/get_state...
[component_container-4] [INFO] [1790772923.410215218] [lifecycle_manager_nav2]: Waiting for service smoother_server/get_state...
[component_container-4] [INFO] [1790772925.410408394] [lifecycle_manager_nav2]: Waiting for service smoother_server/get_state...
[component_container-4] [INFO] [1790772927.410662510] [lifecycle_manager_nav2]: Waiting for service smoother_server/get_state...
[component_container-4] [INFO] [1790772929.410956274] [lifecycle_manager_nav2]: Waiting for service smoother_server/get_state...
[component_container-4] [INFO] [1790772931.411195248] [lifecycle_manager_nav2]: Waiting for service smoother_server/get_state...
[component_container-4] [INFO] [1790772933.411430429] [lifecycle_manager_nav2]: Waiting for service smoother_server/get_state...
[component_container-4] [INFO] [1790772935.411781152] [lifecycle_manager_nav2]: Waiting for service smoother_server/get_state...
[component_container-4] [INFO] [1790772937.412012108] [lifecycle_manager_nav2]: Waiting for service smoother_server/get_state...
[component_container-4] [INFO] [1790772939.412199779] [lifecycle_manager_nav2]: Waiting for service smoother_server/get_state...
[component_container-4] [INFO] [1790772941.412355256] [lifecycle_manager_nav2]: Waiting for service smoother_server/get_state...
[component_container-4] [INFO] [1790772943.412594911] [lifecycle_manager_nav2]: Waiting for service smoother_server/get_state...
[component_container-4] [INFO] [1790772945.412877708] [lifecycle_manager_nav2]: Waiting for service smoother_server/get_state...
[component_container-4] [INFO] [1790772947.413105383] [lifecycle_manager_nav2]: Waiting for service smoother_server/get_state...
[component_container-4] [INFO] [1790772949.413437127] [lifecycle_manager_nav2]: Waiting for service smoother_server/get_state...
[component_container-4] [INFO] [1790772951.413836732] [lifecycle_manager_nav2]: Waiting for service smoother_server/get_state...
[component_container-4] [INFO] [1790772953.414127069] [lifecycle_manager_nav2]: Waiting for service smoother_server/get_state...
[component_container-4] [INFO] [1790772955.414378356] [lifecycle_manager_nav2]: Waiting for service smoother_server/get_state...
[component_container-4] [INFO] [1790772957.414610375] [lifecycle_manager_nav2]: Waiting for service smoother_server/get_state...
[component_container-4] [INFO] [1790772959.414842344] [lifecycle_manager_nav2]: Waiting for service smoother_server/get_state...
[component_container-4] [INFO] [1790772961.415100902] [lifecycle_manager_nav2]: Waiting for service smoother_server/get_state...
[component_container-4] [INFO] [1790772963.415426488] [lifecycle_manager_nav2]: Waiting for service smoother_server/get_state...
[component_container-4] [INFO] [1790772965.415721276] [lifecycle_manager_nav2]: Waiting for service smoother_server/get_state...
[component_container-4] [INFO] [1790772967.416010427] [lifecycle_manager_nav2]: Waiting for service smoother_server/get_state...
[component_container-4] [INFO] [1790772969.416199247] [lifecycle_manager_nav2]: Waiting for service smoother_server/get_state...
[component_container-4] [INFO] [1790772971.416388355] [lifecycle_manager_nav2]: Waiting for service smoother_server/get_state...
[component_container-4] [INFO] [1790772973.416756269] [lifecycle_manager_nav2]: Waiting for service smoother_server/get_state...
[component_container-4] [INFO] [1790772975.416971232] [lifecycle_manager_nav2]: Waiting for service smoother_server/get_state...
[component_container-4] [INFO] [1790772977.417181530] [lifecycle_manager_nav2]: Waiting for service smoother_server/get_state...
[component_container-4] [INFO] [1790772979.417555325] [lifecycle_manager_nav2]: Waiting for service smoother_server/get_state...
[component_container-4] [INFO] [1790772981.417805031] [lifecycle_manager_nav2]: Waiting for service smoother_server/get_state...
[component_container-4] [INFO] [1790772983.418023310] [lifecycle_manager_nav2]: Waiting for service smoother_server/get_state...
[component_container-4] [INFO] [1790772985.418360150] [lifecycle_manager_nav2]: Waiting for service smoother_server/get_state...
[component_container-4] [INFO] [1790772987.418632595] [lifecycle_manager_nav2]: Waiting for service smoother_server/get_state...
[component_container-4] [INFO] [1790772989.418853263] [lifecycle_manager_nav2]: Waiting for service smoother_server/get_state...
[component_container-4] [INFO] [1790772991.419084381] [lifecycle_manager_nav2]: Waiting for service smoother_server/get_state...
[component_container-4] [INFO] [1790772993.419382831] [lifecycle_manager_nav2]: Waiting for service smoother_server/get_state...
[component_container-4] [INFO] [1790772995.419583290] [lifecycle_manager_nav2]: Waiting for service smoother_server/get_state...
[component_container-4] [INFO] [1790772997.419847386] [lifecycle_manager_nav2]: Waiting for service smoother_server/get_state...
[component_container-4] [INFO] [1790772999.420093815] [lifecycle_manager_nav2]: Waiting for service smoother_server/get_state...
[component_container-4] [INFO] [1790773001.420388685] [lifecycle_manager_nav2]: Waiting for service smoother_server/get_state...
[component_container-4] [INFO] [1790773003.420716427] [lifecycle_manager_nav2]: Waiting for service smoother_server/get_state...
[component_container-4] [INFO] [1790773005.421010771] [lifecycle_manager_nav2]: Waiting for service smoother_server/get_state...
[component_container-4] [INFO] [1790773007.421324177] [lifecycle_manager_nav2]: Waiting for service smoother_server/get_state...
[component_container-4] [INFO] [1790773009.421663127] [lifecycle_manager_nav2]: Waiting for service smoother_server/get_state...
[component_container-4] [INFO] [1790773011.421931141] [lifecycle_manager_nav2]: Waiting for service smoother_server/get_state...
[component_container-4] [INFO] [1790773013.422183198] [lifecycle_manager_nav2]: Waiting for service smoother_server/get_state...
[component_container-4] [INFO] [1790773015.422417265] [lifecycle_manager_nav2]: Waiting for service smoother_server/get_state...
[component_container-4] [INFO] [1790773017.422677832] [lifecycle_manager_nav2]: Waiting for service smoother_server/get_state...
[component_container-4] [INFO] [1790773019.422938683] [lifecycle_manager_nav2]: Waiting for service smoother_server/get_state...
[component_container-4] [INFO] [1790773021.423186850] [lifecycle_manager_nav2]: Waiting for service smoother_server/get_state...
[component_container-4] [INFO] [1790773023.423428457] [lifecycle_manager_nav2]: Waiting for service smoother_server/get_state...
[component_container-4] [INFO] [1790773025.423706962] [lifecycle_manager_nav2]: Waiting for service smoother_server/get_state...
[component_container-4] [INFO] [1790773027.424010513] [lifecycle_manager_nav2]: Waiting for service smoother_server/get_state...
[component_container-4] [INFO] [1790773029.424207998] [lifecycle_manager_nav2]: Waiting for service smoother_server/get_state...
[component_container-4] [INFO] [1790773031.424386135] [lifecycle_manager_nav2]: Waiting for service smoother_server/get_state...
[component_container-4] [INFO] [1790773033.424570851] [lifecycle_manager_nav2]: Waiting for service smoother_server/get_state...
[component_container-4] [INFO] [1790773035.424781584] [lifecycle_manager_nav2]: Waiting for service smoother_server/get_state...
[component_container-4] [INFO] [1790773037.424997397] [lifecycle_manager_nav2]: Waiting for service smoother_server/get_state...
[component_container-4] [INFO] [1790773039.425222156] [lifecycle_manager_nav2]: Waiting for service smoother_server/get_state...
[component_container-4] [INFO] [1790773041.425528549] [lifecycle_manager_nav2]: Waiting for service smoother_server/get_state...
[component_container-4] [INFO] [1790773043.425783253] [lifecycle_manager_nav2]: Waiting for service smoother_server/get_state...
[component_container-4] [INFO] [1790773045.426039797] [lifecycle_manager_nav2]: Waiting for service smoother_server/get_state...
[component_container-4] [INFO] [1790773047.426284107] [lifecycle_manager_nav2]: Waiting for service smoother_server/get_state...
[component_container-4] [INFO] [1790773049.426550964] [lifecycle_manager_nav2]: Waiting for service smoother_server/get_state...
[component_container-4] [INFO] [1790773051.426802571] [lifecycle_manager_nav2]: Waiting for service smoother_server/get_state...
[component_container-4] [INFO] [1790773053.427085301] [lifecycle_manager_nav2]: Waiting for service smoother_server/get_state...
[component_container-4] [INFO] [1790773055.427340077] [lifecycle_manager_nav2]: Waiting for service smoother_server/get_state...
[component_container-4] [INFO] [1790773057.427566710] [lifecycle_manager_nav2]: Waiting for service smoother_server/get_state...
