[INFO] [launch]: All log files can be found below /root/.ros/log/2026-09-30-12-58-57-909146-HUGO-AI-1
[INFO] [launch]: Default logging verbosity is set to INFO
[INFO] [robot_state_publisher-1]: process started with pid [51]
[INFO] [loopback_simulator-2]: process started with pid [52]
[INFO] [rviz2-3]: process started with pid [53]
[INFO] [component_container-4]: process started with pid [54]
[loopback_simulator-2] [INFO] [1790773138.481711767] [loopback_simulator]: 
[loopback_simulator-2] 	loopback_simulator lifecycle node launched. 
[loopback_simulator-2] 	Waiting on external lifecycle transitions to activate
[loopback_simulator-2] 	See https://design.ros2.org/articles/node_lifecycle.html for more information.
[robot_state_publisher-1] [INFO] [1790773138.492027989] [robot_state_publisher]: Robot initialized
[rviz2-3] QStandardPaths: XDG_RUNTIME_DIR not set, defaulting to '/tmp/runtime-root'
[rviz2-3] [INFO] [1790773138.562884024] [rviz2]: Stereo is NOT SUPPORTED
[rviz2-3] [INFO] [1790773138.562926373] [rviz2]: OpenGl version: 4.5 (GLSL 4.5)
[rviz2-3] [INFO] [1790773138.577971503] [rviz2]: Stereo is NOT SUPPORTED
[rviz2-3] [INFO] [1790773138.626394685] [rviz]: Subscribing to: /mobile_base/sensors/bumper_pointcloud
[rviz2-3] 
[rviz2-3] [INFO] [1790773138.626612949] [rviz]: Subscribing to: /mobile_base/sensors/bumper_pointcloud
[rviz2-3] 
[rviz2-3] [INFO] [1790773138.631604916] [rviz]: Subscribing to: /global_costmap/voxel_marked_cloud
[rviz2-3] 
[rviz2-3] [INFO] [1790773138.634707967] [rviz]: Subscribing to: /local_costmap/voxel_marked_cloud
[rviz2-3] 
[rviz2-3] [INFO] [1790773138.645444609] [rviz]: Subscribing to: /mobile_base/sensors/bumper_pointcloud
[rviz2-3] 
[rviz2-3] [INFO] [1790773138.646282688] [rviz]: Subscribing to: /global_costmap/voxel_marked_cloud
[rviz2-3] 
[rviz2-3] [INFO] [1790773138.647352207] [rviz]: Subscribing to: /local_costmap/voxel_marked_cloud
[rviz2-3] 
[rviz2-3] [INFO] [1790773138.663742834] [nav2_rviz_selector_node]: Trying to load plugins...
[component_container-4] [INFO] [1790773138.666163871] [nav2_container]: Load Library: /opt/overlay_ws/install/nav2_map_server/lib/libmap_server_core.so
[component_container-4] [INFO] [1790773138.677705326] [nav2_container]: Found class: rclcpp_components::NodeFactoryTemplate<nav2_map_server::CostmapFilterInfoServer>
[component_container-4] [INFO] [1790773138.677731802] [nav2_container]: Found class: rclcpp_components::NodeFactoryTemplate<nav2_map_server::MapSaver>
[component_container-4] [INFO] [1790773138.677734659] [nav2_container]: Found class: rclcpp_components::NodeFactoryTemplate<nav2_map_server::MapServer>
[component_container-4] [INFO] [1790773138.677736262] [nav2_container]: Instantiate class: rclcpp_components::NodeFactoryTemplate<nav2_map_server::MapServer>
[component_container-4] [INFO] [1790773138.681856416] [map_server]: 
[component_container-4] 	map_server lifecycle node launched. 
[component_container-4] 	Waiting on external lifecycle transitions to activate
[component_container-4] 	See https://design.ros2.org/articles/node_lifecycle.html for more information.
[component_container-4] [INFO] [1790773138.681878849] [map_server]: Creating
[INFO] [launch_ros.actions.load_composable_nodes]: Loaded node '/map_server' in container '/nav2_container'
[component_container-4] [INFO] [1790773138.696513985] [nav2_container]: Load Library: /opt/overlay_ws/install/nav2_controller/lib/libcontroller_server_core.so
[component_container-4] [INFO] [1790773138.701235622] [nav2_container]: Found class: rclcpp_components::NodeFactoryTemplate<nav2_controller::ControllerServer>
[component_container-4] [INFO] [1790773138.701266652] [nav2_container]: Instantiate class: rclcpp_components::NodeFactoryTemplate<nav2_controller::ControllerServer>
[component_container-4] [INFO] [1790773138.706301892] [controller_server]: 
[component_container-4] 	controller_server lifecycle node launched. 
[component_container-4] 	Waiting on external lifecycle transitions to activate
[component_container-4] 	See https://design.ros2.org/articles/node_lifecycle.html for more information.
[loopback_simulator-2] [INFO] [1790773138.710749401] [loopback_simulator]: Configuring
[component_container-4] [INFO] [1790773138.712622262] [controller_server]: Creating controller server
[component_container-4] [INFO] [1790773138.716247008] [local_costmap.local_costmap]: 
[component_container-4] 	local_costmap lifecycle node launched. 
[component_container-4] 	Waiting on external lifecycle transitions to activate
[component_container-4] 	See https://design.ros2.org/articles/node_lifecycle.html for more information.
[component_container-4] [INFO] [1790773138.717152756] [local_costmap.local_costmap]: Creating Costmap
[INFO] [launch_ros.actions.load_composable_nodes]: Loaded node '/controller_server' in container '/nav2_container'
[component_container-4] [INFO] [1790773138.717637766] [nav2_container]: Load Library: /opt/overlay_ws/install/nav2_lifecycle_manager/lib/libnav2_lifecycle_manager_core.so
[component_container-4] [INFO] [1790773138.718860019] [nav2_container]: Found class: rclcpp_components::NodeFactoryTemplate<nav2_lifecycle_manager::LifecycleManager>
[component_container-4] [INFO] [1790773138.718881488] [nav2_container]: Instantiate class: rclcpp_components::NodeFactoryTemplate<nav2_lifecycle_manager::LifecycleManager>
[loopback_simulator-2] [INFO] [1790773138.719669942] [loopback_simulator]: Activating
[loopback_simulator-2] [INFO] [1790773138.719723698] [loopback_simulator]: Sim clock publisher started (resolution: 0.010s, speed: 1.00x)
[loopback_simulator-2] [INFO] [1790773138.719735968] [loopback_simulator]: Creating bond (loopback_simulator) to lifecycle manager.
[loopback_simulator-2] [INFO] [1790773138.721002613] [loopback_simulator]: Loopback simulator activated
[component_container-4] [INFO] [1790773138.722341241] [lifecycle_manager_nav2]: Creating
[INFO] [launch_ros.actions.load_composable_nodes]: Loaded node '/lifecycle_manager_nav2' in container '/nav2_container'
[component_container-4] [WARN] [1790773138.723361741] [rclcpp]: Failed to get parameters: controller_plugins
[component_container-4] [INFO] [1790773138.723433319] [lifecycle_manager_nav2]: [34m[1mCreating and initializing lifecycle publishers[0m[0m
[rviz2-3] [ERROR] [1790773138.723501766] [nav2_rviz_selector_node]: Parameter 'controller_plugins' not found on server 'controller_server'
[component_container-4] [INFO] [1790773138.723830448] [lifecycle_manager_nav2]: [34m[1mCreating and initializing lifecycle service clients[0m[0m
[rviz2-3] [INFO] [1790773139.726360999] [nav2_rviz_selector_node]: planner_server service not available
[component_container-4] [INFO] [1790773140.725416214] [lifecycle_manager_nav2]: Waiting for service smoother_server/get_state...
[component_container-4] [INFO] [1790773142.725818329] [lifecycle_manager_nav2]: Waiting for service smoother_server/get_state...
[component_container-4] [INFO] [1790773144.726111129] [lifecycle_manager_nav2]: Waiting for service smoother_server/get_state...
[component_container-4] [INFO] [1790773146.726419963] [lifecycle_manager_nav2]: Waiting for service smoother_server/get_state...
[component_container-4] [INFO] [1790773148.726942246] [lifecycle_manager_nav2]: Waiting for service smoother_server/get_state...
[component_container-4] [INFO] [1790773150.727167946] [lifecycle_manager_nav2]: Waiting for service smoother_server/get_state...
[component_container-4] [INFO] [1790773152.727373582] [lifecycle_manager_nav2]: Waiting for service smoother_server/get_state...
[component_container-4] [INFO] [1790773154.727566614] [lifecycle_manager_nav2]: Waiting for service smoother_server/get_state...
[component_container-4] [INFO] [1790773156.727717184] [lifecycle_manager_nav2]: Waiting for service smoother_server/get_state...
[component_container-4] [INFO] [1790773158.727920119] [lifecycle_manager_nav2]: Waiting for service smoother_server/get_state...
[component_container-4] [INFO] [1790773160.728149723] [lifecycle_manager_nav2]: Waiting for service smoother_server/get_state...
[component_container-4] [INFO] [1790773162.728365148] [lifecycle_manager_nav2]: Waiting for service smoother_server/get_state...
[component_container-4] [INFO] [1790773164.728601101] [lifecycle_manager_nav2]: Waiting for service smoother_server/get_state...
[component_container-4] [INFO] [1790773166.728844352] [lifecycle_manager_nav2]: Waiting for service smoother_server/get_state...
[component_container-4] [INFO] [1790773168.729057463] [lifecycle_manager_nav2]: Waiting for service smoother_server/get_state...
[component_container-4] [INFO] [1790773170.729265339] [lifecycle_manager_nav2]: Waiting for service smoother_server/get_state...
[component_container-4] [INFO] [1790773172.729467668] [lifecycle_manager_nav2]: Waiting for service smoother_server/get_state...
[component_container-4] [INFO] [1790773174.729715854] [lifecycle_manager_nav2]: Waiting for service smoother_server/get_state...
[component_container-4] [INFO] [1790773176.729943620] [lifecycle_manager_nav2]: Waiting for service smoother_server/get_state...
[component_container-4] [INFO] [1790773178.730130898] [lifecycle_manager_nav2]: Waiting for service smoother_server/get_state...
[component_container-4] [INFO] [1790773180.730350326] [lifecycle_manager_nav2]: Waiting for service smoother_server/get_state...
[component_container-4] [INFO] [1790773182.730574406] [lifecycle_manager_nav2]: Waiting for service smoother_server/get_state...
[component_container-4] [INFO] [1790773184.730799754] [lifecycle_manager_nav2]: Waiting for service smoother_server/get_state...
[component_container-4] [INFO] [1790773186.731048773] [lifecycle_manager_nav2]: Waiting for service smoother_server/get_state...
[component_container-4] [INFO] [1790773188.731379074] [lifecycle_manager_nav2]: Waiting for service smoother_server/get_state...
[component_container-4] [INFO] [1790773190.731562361] [lifecycle_manager_nav2]: Waiting for service smoother_server/get_state...
[component_container-4] [INFO] [1790773192.731752142] [lifecycle_manager_nav2]: Waiting for service smoother_server/get_state...
[component_container-4] [INFO] [1790773194.732103031] [lifecycle_manager_nav2]: Waiting for service smoother_server/get_state...
[component_container-4] [INFO] [1790773196.732414183] [lifecycle_manager_nav2]: Waiting for service smoother_server/get_state...
[component_container-4] [INFO] [1790773198.732754120] [lifecycle_manager_nav2]: Waiting for service smoother_server/get_state...
[component_container-4] [INFO] [1790773200.733026528] [lifecycle_manager_nav2]: Waiting for service smoother_server/get_state...
[component_container-4] [INFO] [1790773202.733247453] [lifecycle_manager_nav2]: Waiting for service smoother_server/get_state...
[component_container-4] [INFO] [1790773204.733440185] [lifecycle_manager_nav2]: Waiting for service smoother_server/get_state...
[component_container-4] [INFO] [1790773206.733633146] [lifecycle_manager_nav2]: Waiting for service smoother_server/get_state...
[component_container-4] [INFO] [1790773208.733867458] [lifecycle_manager_nav2]: Waiting for service smoother_server/get_state...
[component_container-4] [INFO] [1790773210.734126776] [lifecycle_manager_nav2]: Waiting for service smoother_server/get_state...
[component_container-4] [INFO] [1790773212.734435707] [lifecycle_manager_nav2]: Waiting for service smoother_server/get_state...
[component_container-4] [INFO] [1790773214.734636389] [lifecycle_manager_nav2]: Waiting for service smoother_server/get_state...
[component_container-4] [INFO] [1790773216.734856513] [lifecycle_manager_nav2]: Waiting for service smoother_server/get_state...
[component_container-4] [INFO] [1790773218.735265953] [lifecycle_manager_nav2]: Waiting for service smoother_server/get_state...
[component_container-4] [INFO] [1790773220.735640082] [lifecycle_manager_nav2]: Waiting for service smoother_server/get_state...
[component_container-4] [INFO] [1790773222.736038723] [lifecycle_manager_nav2]: Waiting for service smoother_server/get_state...
[component_container-4] [INFO] [1790773224.736384439] [lifecycle_manager_nav2]: Waiting for service smoother_server/get_state...
[component_container-4] [INFO] [1790773226.736803575] [lifecycle_manager_nav2]: Waiting for service smoother_server/get_state...
[component_container-4] [INFO] [1790773228.737137164] [lifecycle_manager_nav2]: Waiting for service smoother_server/get_state...
[component_container-4] [INFO] [1790773230.737552297] [lifecycle_manager_nav2]: Waiting for service smoother_server/get_state...
[component_container-4] [INFO] [1790773232.737840077] [lifecycle_manager_nav2]: Waiting for service smoother_server/get_state...
[component_container-4] [INFO] [1790773234.738183898] [lifecycle_manager_nav2]: Waiting for service smoother_server/get_state...
[component_container-4] [INFO] [1790773236.738501206] [lifecycle_manager_nav2]: Waiting for service smoother_server/get_state...
[component_container-4] [INFO] [1790773238.738811627] [lifecycle_manager_nav2]: Waiting for service smoother_server/get_state...
[component_container-4] [INFO] [1790773240.739095974] [lifecycle_manager_nav2]: Waiting for service smoother_server/get_state...
[component_container-4] [INFO] [1790773242.739392931] [lifecycle_manager_nav2]: Waiting for service smoother_server/get_state...
[component_container-4] [INFO] [1790773244.739735351] [lifecycle_manager_nav2]: Waiting for service smoother_server/get_state...
[component_container-4] [INFO] [1790773246.739956709] [lifecycle_manager_nav2]: Waiting for service smoother_server/get_state...
[component_container-4] [INFO] [1790773248.740234716] [lifecycle_manager_nav2]: Waiting for service smoother_server/get_state...
[component_container-4] [INFO] [1790773250.740518875] [lifecycle_manager_nav2]: Waiting for service smoother_server/get_state...
[component_container-4] [INFO] [1790773252.740743267] [lifecycle_manager_nav2]: Waiting for service smoother_server/get_state...
[component_container-4] [INFO] [1790773254.740974318] [lifecycle_manager_nav2]: Waiting for service smoother_server/get_state...
[component_container-4] [INFO] [1790773256.741246055] [lifecycle_manager_nav2]: Waiting for service smoother_server/get_state...
[component_container-4] [INFO] [1790773258.741610170] [lifecycle_manager_nav2]: Waiting for service smoother_server/get_state...
[component_container-4] [INFO] [1790773260.741844916] [lifecycle_manager_nav2]: Waiting for service smoother_server/get_state...
[component_container-4] [INFO] [1790773262.742073605] [lifecycle_manager_nav2]: Waiting for service smoother_server/get_state...
[component_container-4] [INFO] [1790773264.742382076] [lifecycle_manager_nav2]: Waiting for service smoother_server/get_state...
[component_container-4] [INFO] [1790773266.742877595] [lifecycle_manager_nav2]: Waiting for service smoother_server/get_state...
[component_container-4] [INFO] [1790773268.743096263] [lifecycle_manager_nav2]: Waiting for service smoother_server/get_state...
[component_container-4] [INFO] [1790773270.743319981] [lifecycle_manager_nav2]: Waiting for service smoother_server/get_state...
[component_container-4] [INFO] [1790773272.743518942] [lifecycle_manager_nav2]: Waiting for service smoother_server/get_state...
[component_container-4] [INFO] [1790773274.743640549] [lifecycle_manager_nav2]: Waiting for service smoother_server/get_state...
[component_container-4] [INFO] [1790773276.743807912] [lifecycle_manager_nav2]: Waiting for service smoother_server/get_state...
[component_container-4] [INFO] [1790773278.744023805] [lifecycle_manager_nav2]: Waiting for service smoother_server/get_state...
[component_container-4] [INFO] [1790773280.744383168] [lifecycle_manager_nav2]: Waiting for service smoother_server/get_state...
[component_container-4] [INFO] [1790773282.744680756] [lifecycle_manager_nav2]: Waiting for service smoother_server/get_state...
[component_container-4] [INFO] [1790773284.744904339] [lifecycle_manager_nav2]: Waiting for service smoother_server/get_state...
[component_container-4] [INFO] [1790773286.745141856] [lifecycle_manager_nav2]: Waiting for service smoother_server/get_state...
[component_container-4] [INFO] [1790773288.745360930] [lifecycle_manager_nav2]: Waiting for service smoother_server/get_state...
[component_container-4] [INFO] [1790773290.745579297] [lifecycle_manager_nav2]: Waiting for service smoother_server/get_state...
[component_container-4] [INFO] [1790773292.745784308] [lifecycle_manager_nav2]: Waiting for service smoother_server/get_state...
[component_container-4] [INFO] [1790773294.745991687] [lifecycle_manager_nav2]: Waiting for service smoother_server/get_state...
[component_container-4] [INFO] [1790773296.746209712] [lifecycle_manager_nav2]: Waiting for service smoother_server/get_state...
[component_container-4] [INFO] [1790773298.746462826] [lifecycle_manager_nav2]: Waiting for service smoother_server/get_state...
[component_container-4] [INFO] [1790773300.746746502] [lifecycle_manager_nav2]: Waiting for service smoother_server/get_state...
[component_container-4] [INFO] [1790773302.746950970] [lifecycle_manager_nav2]: Waiting for service smoother_server/get_state...
[component_container-4] [INFO] [1790773304.747150004] [lifecycle_manager_nav2]: Waiting for service smoother_server/get_state...
[component_container-4] [INFO] [1790773306.747403232] [lifecycle_manager_nav2]: Waiting for service smoother_server/get_state...
[component_container-4] [INFO] [1790773308.747616838] [lifecycle_manager_nav2]: Waiting for service smoother_server/get_state...
[component_container-4] [INFO] [1790773310.747784946] [lifecycle_manager_nav2]: Waiting for service smoother_server/get_state...
[component_container-4] [INFO] [1790773312.748003845] [lifecycle_manager_nav2]: Waiting for service smoother_server/get_state...
[component_container-4] [INFO] [1790773314.748253558] [lifecycle_manager_nav2]: Waiting for service smoother_server/get_state...
[component_container-4] [INFO] [1790773316.748460084] [lifecycle_manager_nav2]: Waiting for service smoother_server/get_state...
[component_container-4] [INFO] [1790773318.748813266] [lifecycle_manager_nav2]: Waiting for service smoother_server/get_state...
[component_container-4] [INFO] [1790773320.749110476] [lifecycle_manager_nav2]: Waiting for service smoother_server/get_state...
[component_container-4] [INFO] [1790773322.749388750] [lifecycle_manager_nav2]: Waiting for service smoother_server/get_state...
[component_container-4] [INFO] [1790773324.749623594] [lifecycle_manager_nav2]: Waiting for service smoother_server/get_state...
[component_container-4] [INFO] [1790773326.749875676] [lifecycle_manager_nav2]: Waiting for service smoother_server/get_state...
[component_container-4] [INFO] [1790773328.750047764] [lifecycle_manager_nav2]: Waiting for service smoother_server/get_state...
[component_container-4] [INFO] [1790773330.750297016] [lifecycle_manager_nav2]: Waiting for service smoother_server/get_state...
[component_container-4] [INFO] [1790773332.750579206] [lifecycle_manager_nav2]: Waiting for service smoother_server/get_state...
[component_container-4] [INFO] [1790773334.750833066] [lifecycle_manager_nav2]: Waiting for service smoother_server/get_state...
[component_container-4] [INFO] [1790773336.751063982] [lifecycle_manager_nav2]: Waiting for service smoother_server/get_state...
[component_container-4] [INFO] [1790773338.751301141] [lifecycle_manager_nav2]: Waiting for service smoother_server/get_state...
[component_container-4] [INFO] [1790773340.751485818] [lifecycle_manager_nav2]: Waiting for service smoother_server/get_state...
[component_container-4] [INFO] [1790773342.751720447] [lifecycle_manager_nav2]: Waiting for service smoother_server/get_state...
[component_container-4] [INFO] [1790773344.751934854] [lifecycle_manager_nav2]: Waiting for service smoother_server/get_state...
[component_container-4] [INFO] [1790773346.752144413] [lifecycle_manager_nav2]: Waiting for service smoother_server/get_state...
